Archive member included to satisfy reference by file (symbol)

Generated_Source\PSoC6\pdl\middleware\ble\lib\cy_ble_stack_gcc_host_ipc_cm4.a(CyBleStackMgrIP_Interface.o)
                              .\CortexM4\ARM_GCC_541\Debug\cy_ble.o (Cy_BLE_EnablePrivacyFeature)
Generated_Source\PSoC6\pdl\middleware\ble\lib\cy_ble_stack_gcc_host_ipc_cm4.a(BT_os.o)
                              Generated_Source\PSoC6\pdl\middleware\ble\lib\cy_ble_stack_gcc_host_ipc_cm4.a(CyBleStackMgrIP_Interface.o) (cyBleStackMemoryConfig)
Generated_Source\PSoC6\pdl\middleware\ble\lib\cy_ble_stack_gcc_host_ipc_cm4.a(CyBleStackMgr_StackTaskHandler.o)
                              Generated_Source\PSoC6\pdl\middleware\ble\lib\cy_ble_stack_gcc_host_ipc_cm4.a(CyBleStackMgrIP_Interface.o) (CyBle_CreateBleStackTask)
Generated_Source\PSoC6\pdl\middleware\ble\lib\cy_ble_stack_gcc_host_ipc_cm4.a(storage_pl.o)
                              Generated_Source\PSoC6\pdl\middleware\ble\lib\cy_ble_stack_gcc_host_ipc_cm4.a(CyBleStackMgrIP_Interface.o) (storage_manager_init)
Generated_Source\PSoC6\pdl\middleware\ble\lib\cy_ble_stack_gcc_host_ipc_cm4.a(mint_os.o)
                              Generated_Source\PSoC6\pdl\middleware\ble\lib\cy_ble_stack_gcc_host_ipc_cm4.a(CyBleStackMgrIP_Interface.o) (OS_init)
Generated_Source\PSoC6\pdl\middleware\ble\lib\cy_ble_stack_gcc_host_ipc_cm4.a(mint_os_queue.o)
                              Generated_Source\PSoC6\pdl\middleware\ble\lib\cy_ble_stack_gcc_host_ipc_cm4.a(mint_os.o) (OS_TOTAL_QUEUES)
Generated_Source\PSoC6\pdl\middleware\ble\lib\cy_ble_stack_gcc_host_ipc_cm4.a(mint_os_task.o)
                              Generated_Source\PSoC6\pdl\middleware\ble\lib\cy_ble_stack_gcc_host_ipc_cm4.a(mint_os.o) (idle_func_handler)
Generated_Source\PSoC6\pdl\middleware\ble\lib\cy_ble_stack_gcc_host_ipc_cm4.a(mint_buf_mgmt.o)
                              Generated_Source\PSoC6\pdl\middleware\ble\lib\cy_ble_stack_gcc_host_ipc_cm4.a(BT_os.o) (mint_buf_mgmt_allocate_buffer)
Generated_Source\PSoC6\pdl\middleware\ble\lib\cy_ble_stack_gcc_host_ipc_cm4.a(transport_ipc.o)
                              Generated_Source\PSoC6\pdl\middleware\ble\lib\cy_ble_stack_gcc_host_ipc_cm4.a(CyBleStackMgr_StackTaskHandler.o) (CyBleHost_HciIpcFreePktBuffer)
Generated_Source\PSoC6\pdl\middleware\ble\lib\cy_ble_stack_gcc_host_ipc_cm4.a(CyBleStackMgr_PSoCIPCHal.o)
                              Generated_Source\PSoC6\pdl\middleware\ble\lib\cy_ble_stack_gcc_host_ipc_cm4.a(transport_ipc.o) (CyBleHost_IPC_HAL_InitWithStaticMem)
Generated_Source\PSoC6\pdl\middleware\ble\lib\cy_ble_stack_gcc_host_ipc_cm4.a(host_main.o)
                              Generated_Source\PSoC6\pdl\middleware\ble\lib\cy_ble_stack_gcc_host_ipc_cm4.a(CyBleStackMgrIP_Interface.o) (CyBle_HostInit)
Generated_Source\PSoC6\pdl\middleware\ble\lib\cy_ble_stack_gcc_host_ipc_cm4.a(att_api.o)
                              Generated_Source\PSoC6\pdl\middleware\ble\lib\cy_ble_stack_gcc_host_ipc_cm4.a(host_main.o) (BT_att_register)
Generated_Source\PSoC6\pdl\middleware\ble\lib\cy_ble_stack_gcc_host_ipc_cm4.a(att_init.o)
                              Generated_Source\PSoC6\pdl\middleware\ble\lib\cy_ble_stack_gcc_host_ipc_cm4.a(att_api.o) (att_connections)
Generated_Source\PSoC6\pdl\middleware\ble\lib\cy_ble_stack_gcc_host_ipc_cm4.a(att_internal.o)
                              Generated_Source\PSoC6\pdl\middleware\ble\lib\cy_ble_stack_gcc_host_ipc_cm4.a(att_api.o) (att_get_fsm_event)
Generated_Source\PSoC6\pdl\middleware\ble\lib\cy_ble_stack_gcc_host_ipc_cm4.a(BT_common.o)
                              Generated_Source\PSoC6\pdl\middleware\ble\lib\cy_ble_stack_gcc_host_ipc_cm4.a(host_main.o) (BT_bluetooth_off)
Generated_Source\PSoC6\pdl\middleware\ble\lib\cy_ble_stack_gcc_host_ipc_cm4.a(device_queue.o)
                              Generated_Source\PSoC6\pdl\middleware\ble\lib\cy_ble_stack_gcc_host_ipc_cm4.a(host_main.o) (CyBle_DeviceQueueHeapDeInit)
Generated_Source\PSoC6\pdl\middleware\ble\lib\cy_ble_stack_gcc_host_ipc_cm4.a(l2cap.o)
                              Generated_Source\PSoC6\pdl\middleware\ble\lib\cy_ble_stack_gcc_host_ipc_cm4.a(host_main.o) (CyBle_L2capCB)
Generated_Source\PSoC6\pdl\middleware\ble\lib\cy_ble_stack_gcc_host_ipc_cm4.a(l2cap_disconnect.o)
                              Generated_Source\PSoC6\pdl\middleware\ble\lib\cy_ble_stack_gcc_host_ipc_cm4.a(l2cap.o) (l2ca_disconnect_req)
Generated_Source\PSoC6\pdl\middleware\ble\lib\cy_ble_stack_gcc_host_ipc_cm4.a(l2cap_init.o)
                              Generated_Source\PSoC6\pdl\middleware\ble\lib\cy_ble_stack_gcc_host_ipc_cm4.a(l2cap_disconnect.o) (l2cap_fixed_channel)
Generated_Source\PSoC6\pdl\middleware\ble\lib\cy_ble_stack_gcc_host_ipc_cm4.a(l2cap_utils.o)
                              Generated_Source\PSoC6\pdl\middleware\ble\lib\cy_ble_stack_gcc_host_ipc_cm4.a(l2cap_disconnect.o) (l2cap_buffer_dequeue)
Generated_Source\PSoC6\pdl\middleware\ble\lib\cy_ble_stack_gcc_host_ipc_cm4.a(l2cap_lmp.o)
[...]
Memory Configuration

Name             Origin             Length             Attributes
ram              0x08024000         0x00023800         xrw
flash            0x10080000         0x00080000         xr
em_eeprom        0x14000000         0x00008000         xr
sflash_user_data 0x16000800         0x00000800         xr
sflash_nar       0x16001a00         0x00000200         xr
sflash_public_key 0x16005a00         0x00000c00         xr
sflash_toc_2     0x16007c00         0x00000200         xr
sflash_rtoc_2    0x16007e00         0x00000200         xr
xip              0x18000000         0x08000000         xr
efuse            0x90700000         0x00100000         r
*default*        0x00000000         0xffffffff

Linker script and memory map

LOAD c:/program files (x86)/cypress/psoc creator/4.4/psoc creator/import/gnu/arm/5.4.1/bin/../lib/gcc/arm-none-eabi/5.4.1/armv7e-m/softfp/crti.o
LOAD c:/program files (x86)/cypress/psoc creator/4.4/psoc creator/import/gnu/arm/5.4.1/bin/../lib/gcc/arm-none-eabi/5.4.1/armv7e-m/softfp/crtbegin.o
LOAD c:/program files (x86)/cypress/psoc creator/4.4/psoc creator/import/gnu/arm/5.4.1/bin/../lib/gcc/arm-none-eabi/5.4.1/../../../../arm-none-eabi/lib/armv7e-m/softfp/crt0.o
START GROUP
LOAD Generated_Source\PSoC6\pdl\middleware\ble\lib\cy_ble_stack_gcc_host_ipc_cm4.a
LOAD .\CortexM4\ARM_GCC_541\Debug\startup_psoc6_01_cm4.o
LOAD .\CortexM4\ARM_GCC_541\Debug\main_cm4.o
LOAD .\CortexM4\ARM_GCC_541\Debug\system_psoc6_cm4.o
LOAD .\CortexM4\ARM_GCC_541\Debug\BLEstuff.o
LOAD .\CortexM4\ARM_GCC_541\Debug\lockControl.o
LOAD .\CortexM4\ARM_GCC_541\Debug\error.o
LOAD .\CortexM4\ARM_GCC_541\Debug\stdio_user.o
LOAD .\CortexM4\ARM_GCC_541\Debug\cyfitter_sysint_cfg.o
LOAD .\CortexM4\ARM_GCC_541\Debug\cymetadata.o
LOAD .\CortexM4\ARM_GCC_541\Debug\cy_efuse.o
LOAD .\CortexM4\ARM_GCC_541\Debug\cy_flash.o
LOAD .\CortexM4\ARM_GCC_541\Debug\cy_gpio.o
LOAD .\CortexM4\ARM_GCC_541\Debug\cy_ipc_drv.o
LOAD .\CortexM4\ARM_GCC_541\Debug\cy_ipc_sema.o
LOAD .\CortexM4\ARM_GCC_541\Debug\cy_ipc_pipe.o
LOAD .\CortexM4\ARM_GCC_541\Debug\cy_lvd.o
LOAD .\CortexM4\ARM_GCC_541\Debug\cy_profile.o
LOAD .\CortexM4\ARM_GCC_541\Debug\cy_prot.o
LOAD .\CortexM4\ARM_GCC_541\Debug\cy_sysanalog.o
LOAD .\CortexM4\ARM_GCC_541\Debug\cy_sysclk.o
LOAD .\CortexM4\ARM_GCC_541\Debug\cy_sysint.o
LOAD .\CortexM4\ARM_GCC_541\Debug\cy_syslib.o
LOAD .\CortexM4\ARM_GCC_541\Debug\cy_syslib_gcc.o
LOAD .\CortexM4\ARM_GCC_541\Debug\cy_syspm.o
LOAD .\CortexM4\ARM_GCC_541\Debug\cy_systick.o
LOAD .\CortexM4\ARM_GCC_541\Debug\cy_trigmux.o
LOAD .\CortexM4\ARM_GCC_541\Debug\cy_wdt.o
LOAD .\CortexM4\ARM_GCC_541\Debug\cy_device.o
LOAD .\CortexM4\ARM_GCC_541\Debug\cy_scb_common.o
LOAD .\CortexM4\ARM_GCC_541\Debug\cy_scb_i2c.o
LOAD .\CortexM4\ARM_GCC_541\Debug\cy_scb_ezi2c.o
LOAD .\CortexM4\ARM_GCC_541\Debug\cy_scb_spi.o
LOAD .\CortexM4\ARM_GCC_541\Debug\cy_scb_uart.o
LOAD .\CortexM4\ARM_GCC_541\Debug\cy_ble_clk.o
LOAD .\CortexM4\ARM_GCC_541\Debug\cy_ble.o
LOAD .\CortexM4\ARM_GCC_541\Debug\cy_ble_hal_int.o
LOAD .\CortexM4\ARM_GCC_541\Debug\cy_ble_hal_pvt.o
LOAD .\CortexM4\ARM_GCC_541\Debug\cy_ble_gap.o
LOAD .\CortexM4\ARM_GCC_541\Debug\cy_ble_gatt.o
LOAD .\CortexM4\ARM_GCC_541\Debug\cy_ble_event_handler.o
LOAD .\CortexM4\ARM_GCC_541\Debug\cy_ble_ancs.o
LOAD .\CortexM4\ARM_GCC_541\Debug\cy_ble_ans.o
LOAD .\CortexM4\ARM_GCC_541\Debug\cy_ble_aios.o
LOAD .\CortexM4\ARM_GCC_541\Debug\cy_ble_bas.o
LOAD .\CortexM4\ARM_GCC_541\Debug\cy_ble_bcs.o
LOAD .\CortexM4\ARM_GCC_541\Debug\cy_ble_bls.o
LOAD .\CortexM4\ARM_GCC_541\Debug\cy_ble_bms.o
LOAD .\CortexM4\ARM_GCC_541\Debug\cy_ble_bts.o
LOAD .\CortexM4\ARM_GCC_541\Debug\cy_ble_cgms.o
LOAD .\CortexM4\ARM_GCC_541\Debug\cy_ble_cps.o
LOAD .\CortexM4\ARM_GCC_541\Debug\cy_ble_cscs.o
LOAD .\CortexM4\ARM_GCC_541\Debug\cy_ble_cts.o
LOAD .\CortexM4\ARM_GCC_541\Debug\cy_ble_custom.o
LOAD .\CortexM4\ARM_GCC_541\Debug\cy_ble_dis.o
LOAD .\CortexM4\ARM_GCC_541\Debug\cy_ble_ess.o
LOAD .\CortexM4\ARM_GCC_541\Debug\cy_ble_gls.o
LOAD .\CortexM4\ARM_GCC_541\Debug\cy_ble_hids.o
LOAD .\CortexM4\ARM_GCC_541\Debug\cy_ble_hps.o
LOAD .\CortexM4\ARM_GCC_541\Debug\cy_ble_hrs.o
LOAD .\CortexM4\ARM_GCC_541\Debug\cy_ble_hts.o
LOAD .\CortexM4\ARM_GCC_541\Debug\cy_ble_ias.o
LOAD .\CortexM4\ARM_GCC_541\Debug\cy_ble_ips.o
LOAD .\CortexM4\ARM_GCC_541\Debug\cy_ble_lls.o
LOAD .\CortexM4\ARM_GCC_541\Debug\cy_ble_lns.o
LOAD .\CortexM4\ARM_GCC_541\Debug\cy_ble_ndcs.o
LOAD .\CortexM4\ARM_GCC_541\Debug\cy_ble_plxs.o
LOAD .\CortexM4\ARM_GCC_541\Debug\cy_ble_pass.o
LOAD .\CortexM4\ARM_GCC_541\Debug\cy_ble_rscs.o
LOAD .\CortexM4\ARM_GCC_541\Debug\cy_ble_rtus.o
LOAD .\CortexM4\ARM_GCC_541\Debug\cy_ble_scps.o
LOAD .\CortexM4\ARM_GCC_541\Debug\cy_ble_tps.o
LOAD .\CortexM4\ARM_GCC_541\Debug\cy_ble_uds.o
LOAD .\CortexM4\ARM_GCC_541\Debug\cy_ble_wpts.o
LOAD .\CortexM4\ARM_GCC_541\Debug\cy_ble_wss.o
LOAD .\CortexM4\ARM_GCC_541\Debug\croutine.o
LOAD .\CortexM4\ARM_GCC_541\Debug\event_groups.o
LOAD .\CortexM4\ARM_GCC_541\Debug\list.o
LOAD .\CortexM4\ARM_GCC_541\Debug\queue.o
LOAD .\CortexM4\ARM_GCC_541\Debug\tasks.o
LOAD .\CortexM4\ARM_GCC_541\Debug\timers.o
LOAD .\CortexM4\ARM_GCC_541\Debug\stream_buffer.o
LOAD .\CortexM4\ARM_GCC_541\Debug\port.o
LOAD .\CortexM4\ARM_GCC_541\Debug\heap_1.o
LOAD .\CortexM4\ARM_GCC_541\Debug\retarget.o
LOAD .\CortexM4\ARM_GCC_541\Debug\BLE.o
LOAD .\CortexM4\ARM_GCC_541\Debug\BLE_config.o
LOAD .\CortexM4\ARM_GCC_541\Debug\BLE_custom_config.o
LOAD .\CortexM4\ARM_GCC_541\Debug\UART_1.o
END GROUP
START GROUP
LOAD c:/program files (x86)/cypress/psoc creator/4.4/psoc creator/import/gnu/arm/5.4.1/bin/../lib/gcc/arm-none-eabi/5.4.1/armv7e-m/softfp\libgcc.a
LOAD c:/program files (x86)/cypress/psoc creator/4.4/psoc creator/import/gnu/arm/5.4.1/bin/../lib/gcc/arm-none-eabi/5.4.1/../../../../arm-none-eabi/lib/armv7e-m/softfp\libg_nano.a
LOAD c:/program files (x86)/cypress/psoc creator/4.4/psoc creator/import/gnu/arm/5.4.1/bin/../lib/gcc/arm-none-eabi/5.4.1/../../../../arm-none-eabi/lib/armv7e-m/softfp\libc_nano.a
END GROUP
START GROUP
LOAD c:/program files (x86)/cypress/psoc creator/4.4/psoc creator/import/gnu/arm/5.4.1/bin/../lib/gcc/arm-none-eabi/5.4.1/armv7e-m/softfp\libgcc.a
LOAD c:/program files (x86)/cypress/psoc creator/4.4/psoc creator/import/gnu/arm/5.4.1/bin/../lib/gcc/arm-none-eabi/5.4.1/../../../../arm-none-eabi/lib/armv7e-m/softfp\libc_nano.a
END GROUP
LOAD c:/program files (x86)/cypress/psoc creator/4.4/psoc creator/import/gnu/arm/5.4.1/bin/../lib/gcc/arm-none-eabi/5.4.1/armv7e-m/softfp/crtend.o
LOAD c:/program files (x86)/cypress/psoc creator/4.4/psoc creator/import/gnu/arm/5.4.1/bin/../lib/gcc/arm-none-eabi/5.4.1/armv7e-m/softfp/crtn.o
START GROUP
LOAD c:/program files (x86)/cypress/psoc creator/4.4/psoc creator/import/gnu/arm/5.4.1/bin/../lib/gcc/arm-none-eabi/5.4.1/armv7e-m/softfp\libgcc.a
LOAD c:/program files (x86)/cypress/psoc creator/4.4/psoc creator/import/gnu/arm/5.4.1/bin/../lib/gcc/arm-none-eabi/5.4.1/../../../../arm-none-eabi/lib/armv7e-m/softfp\libc.a
LOAD c:/program files (x86)/cypress/psoc creator/4.4/psoc creator/import/gnu/arm/5.4.1/bin/../lib/gcc/arm-none-eabi/5.4.1/../../../../arm-none-eabi/lib/armv7e-m/softfp\libnosys.a
END GROUP
START GROUP
LOAD c:/program files (x86)/cypress/psoc creator/4.4/psoc creator/import/gnu/arm/5.4.1/bin/../lib/gcc/arm-none-eabi/5.4.1/armv7e-m/softfp\libgcc.a
LOAD c:/program files (x86)/cypress/psoc creator/4.4/psoc creator/import/gnu/arm/5.4.1/bin/../lib/gcc/arm-none-eabi/5.4.1/../../../../arm-none-eabi/lib/armv7e-m/softfp\libc.a
LOAD c:/program files (x86)/cypress/psoc creator/4.4/psoc creator/import/gnu/arm/5.4.1/bin/../lib/gcc/arm-none-eabi/5.4.1/../../../../arm-none-eabi/lib/armv7e-m/softfp\libm.a
LOAD c:/program files (x86)/cypress/psoc creator/4.4/psoc creator/import/gnu/arm/5.4.1/bin/../lib/gcc/arm-none-eabi/5.4.1/../../../../arm-none-eabi/lib/armv7e-m/softfp\libnosys.a
END GROUP

.text           0x10080000     0x8470
                0x10080000                . = ALIGN (0x4)
                0x10080000                __Vectors = .
 *(.vectors)
 .vectors       0x10080000      0x28c .\CortexM4\ARM_GCC_541\Debug\startup_psoc6_01_cm4.o
                0x1008028c                . = ALIGN (0x4)
                0x1008028c                __Vectors_End = .
                0x0000028c                __Vectors_Size = (__Vectors_End - __Vectors)
                0x1008028c                __end__ = .
                0x1008028c                . = ALIGN (0x4)
 *(.text*)
 .text          0x1008028c       0x5c c:/program files (x86)/cypress/psoc creator/4.4/psoc creator/import/gnu/arm/5.4.1/bin/../lib/gcc/arm-none-eabi/5.4.1/armv7e-m/softfp/crtbegin.o
 .text          0x100802e8       0x84 .\CortexM4\ARM_GCC_541\Debug\startup_psoc6_01_cm4.o
                0x100802e8                Cy_OnResetUser
                0x100802ea                Reset_Handler
                0x1008034c                cpuss_interrupts_ipc_6_IRQHandler
                0x1008034c                DebugMon_Handler
                0x1008034c                tcpwm_1_interrupts_11_IRQHandler
                0x1008034c                cpuss_interrupts_ipc_0_IRQHandler
                0x1008034c                tcpwm_1_interrupts_15_IRQHandler
                0x1008034c                ioss_interrupts_gpio_13_IRQHandler
                0x1008034c                tcpwm_1_interrupts_13_IRQHandler
                0x1008034c                cpuss_interrupts_dw1_8_IRQHandler
                0x1008034c                tcpwm_0_interrupts_0_IRQHandler
                0x1008034c                cpuss_interrupt_fm_IRQHandler
                0x1008034c                cpuss_interrupts_ipc_7_IRQHandler
                0x1008034c                tcpwm_1_interrupts_14_IRQHandler
                0x1008034c                cpuss_interrupts_dw0_5_IRQHandler
                0x1008034c                tcpwm_1_interrupts_9_IRQHandler
                0x1008034c                cpuss_interrupts_cm0_cti_1_IRQHandler
                0x1008034c                tcpwm_1_interrupts_22_IRQHandler
                0x1008034c                cpuss_interrupts_dw0_4_IRQHandler
                0x1008034c                NMI_Handler
                0x1008034c                cpuss_interrupts_dw1_12_IRQHandler
                0x1008034c                tcpwm_1_interrupts_12_IRQHandler
                0x1008034c                smif_interrupt_IRQHandler
                0x1008034c                tcpwm_1_interrupts_2_IRQHandler
                0x1008034c                cpuss_interrupts_ipc_13_IRQHandler
                0x1008034c                udb_interrupts_11_IRQHandler
                0x1008034c                tcpwm_1_interrupts_18_IRQHandler
                0x1008034c                cpuss_interrupts_dw0_11_IRQHandler
                0x1008034c                tcpwm_0_interrupts_2_IRQHandler
                0x1008034c                cpuss_interrupts_dw0_13_IRQHandler
                0x1008034c                udb_interrupts_2_IRQHandler
                0x1008034c                cpuss_interrupts_dw1_7_IRQHandler
                0x1008034c                ioss_interrupts_gpio_1_IRQHandler
                0x1008034c                ioss_interrupts_gpio_7_IRQHandler
                0x1008034c                scb_5_interrupt_IRQHandler
                0x1008034c                udb_interrupts_6_IRQHandler
                0x1008034c                cpuss_interrupts_fault_1_IRQHandler
                0x1008034c                cpuss_interrupts_ipc_4_IRQHandler
                0x1008034c                cpuss_interrupts_ipc_5_IRQHandler
                0x1008034c                cpuss_interrupts_dw1_10_IRQHandler
                0x1008034c                udb_interrupts_0_IRQHandler
                0x1008034c                tcpwm_1_interrupts_6_IRQHandler
                0x1008034c                scb_4_interrupt_IRQHandler
                0x1008034c                pass_interrupt_dacs_IRQHandler
                0x1008034c                ioss_interrupts_gpio_2_IRQHandler
                0x1008034c                cpuss_interrupts_dw1_9_IRQHandler
                0x1008034c                cpuss_interrupts_dw1_13_IRQHandler
                0x1008034c                scb_2_interrupt_IRQHandler
                0x1008034c                cpuss_interrupts_cm0_cti_0_IRQHandler
                0x1008034c                udb_interrupts_5_IRQHandler
                0x1008034c                srss_interrupt_IRQHandler
                0x1008034c                udb_interrupts_12_IRQHandler
                0x1008034c                scb_0_interrupt_IRQHandler
                0x1008034c                csd_interrupt_IRQHandler
                0x1008034c                udb_interrupts_1_IRQHandler
                0x1008034c                profile_interrupt_IRQHandler
                0x1008034c                tcpwm_1_interrupts_1_IRQHandler
                0x1008034c                cpuss_interrupts_ipc_12_IRQHandler
                0x1008034c                tcpwm_1_interrupts_3_IRQHandler
                0x1008034c                tcpwm_0_interrupts_7_IRQHandler
                0x1008034c                cpuss_interrupts_dw1_1_IRQHandler
                0x1008034c                cpuss_interrupts_dw1_0_IRQHandler
                0x1008034c                cpuss_interrupts_dw0_9_IRQHandler
                0x1008034c                lpcomp_interrupt_IRQHandler
                0x1008034c                tcpwm_1_interrupts_23_IRQHandler
                0x1008034c                udb_interrupts_4_IRQHandler
                0x1008034c                tcpwm_1_interrupts_20_IRQHandler
                0x1008034c                ioss_interrupt_gpio_IRQHandler
                0x1008034c                tcpwm_0_interrupts_1_IRQHandler
                0x1008034c                ioss_interrupts_gpio_8_IRQHandler
                0x1008034c                tcpwm_0_interrupts_6_IRQHandler
                0x1008034c                scb_7_interrupt_IRQHandler
                0x1008034c                tcpwm_1_interrupts_7_IRQHandler
                0x1008034c                cpuss_interrupts_ipc_11_IRQHandler
                0x1008034c                udb_interrupts_13_IRQHandler
                0x1008034c                cpuss_interrupts_dw0_15_IRQHandler
                0x1008034c                udb_interrupts_7_IRQHandler
                0x1008034c                cpuss_interrupts_dw1_6_IRQHandler
                0x1008034c                cpuss_interrupt_crypto_IRQHandler
                0x1008034c                scb_1_interrupt_IRQHandler
                0x1008034c                Default_Handler
                0x1008034c                usb_interrupt_hi_IRQHandler
                0x1008034c                tcpwm_1_interrupts_0_IRQHandler
                0x1008034c                udb_interrupts_9_IRQHandler
                0x1008034c                audioss_interrupt_pdm_IRQHandler
                0x1008034c                srss_interrupt_mcwdt_0_IRQHandler
                0x1008034c                scb_3_interrupt_IRQHandler
                0x1008034c                pass_interrupt_ctbs_IRQHandler
                0x1008034c                udb_interrupts_8_IRQHandler
                0x1008034c                ioss_interrupts_gpio_3_IRQHandler
                0x1008034c                scb_6_interrupt_IRQHandler
                0x1008034c                cpuss_interrupts_cm4_cti_0_IRQHandler
                0x1008034c                cpuss_interrupts_dw1_3_IRQHandler
                0x1008034c                pass_interrupt_sar_IRQHandler
                0x1008034c                ioss_interrupts_gpio_0_IRQHandler
                0x1008034c                ioss_interrupts_gpio_14_IRQHandler
                0x1008034c                tcpwm_0_interrupts_4_IRQHandler
                0x1008034c                udb_interrupts_3_IRQHandler
                0x1008034c                tcpwm_0_interrupts_5_IRQHandler
                0x1008034c                cpuss_interrupts_ipc_15_IRQHandler
                0x1008034c                cpuss_interrupts_cm4_cti_1_IRQHandler
                0x1008034c                scb_8_interrupt_IRQHandler
                0x1008034c                srss_interrupt_mcwdt_1_IRQHandler
                0x1008034c                cpuss_interrupts_dw1_2_IRQHandler
                0x1008034c                cpuss_interrupts_dw1_5_IRQHandler
                0x1008034c                cpuss_interrupts_ipc_1_IRQHandler
                0x1008034c                cpuss_interrupts_dw0_0_IRQHandler
                0x1008034c                ioss_interrupts_gpio_12_IRQHandler
                0x1008034c                cpuss_interrupts_ipc_3_IRQHandler
                0x1008034c                tcpwm_1_interrupts_17_IRQHandler
                0x1008034c                srss_interrupt_backup_IRQHandler
                0x1008034c                bless_interrupt_IRQHandler
                0x1008034c                cpuss_interrupts_ipc_10_IRQHandler
                0x1008034c                cpuss_interrupts_ipc_9_IRQHandler
                0x1008034c                cpuss_interrupts_dw0_14_IRQHandler
                0x1008034c                tcpwm_1_interrupts_4_IRQHandler
                0x1008034c                tcpwm_0_interrupts_3_IRQHandler
                0x1008034c                cpuss_interrupts_dw1_15_IRQHandler
                0x1008034c                ioss_interrupts_gpio_10_IRQHandler
                0x1008034c                udb_interrupts_10_IRQHandler
                0x1008034c                cpuss_interrupts_dw0_8_IRQHandler
                0x1008034c                ioss_interrupts_gpio_11_IRQHandler
                0x1008034c                cpuss_interrupts_ipc_14_IRQHandler
                0x1008034c                ioss_interrupts_gpio_5_IRQHandler
                0x1008034c                ioss_interrupts_gpio_4_IRQHandler
                0x1008034c                tcpwm_1_interrupts_8_IRQHandler
                0x1008034c                cpuss_interrupts_dw1_14_IRQHandler
                0x1008034c                usb_interrupt_med_IRQHandler
                0x1008034c                cpuss_interrupts_dw0_2_IRQHandler
                0x1008034c                tcpwm_1_interrupts_10_IRQHandler
                0x1008034c                cpuss_interrupts_fault_0_IRQHandler
                0x1008034c                cpuss_interrupts_dw0_12_IRQHandler
                0x1008034c                ioss_interrupts_gpio_6_IRQHandler
                0x1008034c                tcpwm_1_interrupts_21_IRQHandler
                0x1008034c                tcpwm_1_interrupts_16_IRQHandler
                0x1008034c                cpuss_interrupts_dw1_4_IRQHandler
                0x1008034c                udb_interrupts_15_IRQHandler
                0x1008034c                cpuss_interrupts_dw1_11_IRQHandler
                0x1008034c                cpuss_interrupts_dw0_6_IRQHandler
                0x1008034c                ioss_interrupt_vdd_IRQHandler
                0x1008034c                cpuss_interrupts_dw0_7_IRQHandler
                0x1008034c                audioss_interrupt_i2s_IRQHandler
                0x1008034c                tcpwm_1_interrupts_5_IRQHandler
                0x1008034c                cpuss_interrupts_ipc_2_IRQHandler
                0x1008034c                cpuss_interrupts_dw0_10_IRQHandler
                0x1008034c                tcpwm_1_interrupts_19_IRQHandler
                0x1008034c                cpuss_interrupts_dw0_1_IRQHandler
                0x1008034c                ioss_interrupts_gpio_9_IRQHandler
                0x1008034c                usb_interrupt_lo_IRQHandler
                0x1008034c                cpuss_interrupts_ipc_8_IRQHandler
                0x1008034c                udb_interrupts_14_IRQHandler
                0x1008034c                cpuss_interrupts_dw0_3_IRQHandler
                0x10080350                UsageFault_Handler
                0x10080350                HardFault_Handler
                0x10080350                MemManage_Handler
                0x10080350                BusFault_Handler
 .text.main     0x1008036c       0x6c .\CortexM4\ARM_GCC_541\Debug\main_cm4.o
                0x1008036c                main
 .text.Cy_SysIpcPipeIsrCm4
                0x100803d8        0xc .\CortexM4\ARM_GCC_541\Debug\system_psoc6_cm4.o
                0x100803d8                Cy_SysIpcPipeIsrCm4
 .text.Cy_SystemInit
                0x100803e4        0x4 .\CortexM4\ARM_GCC_541\Debug\system_psoc6_cm4.o
                0x100803e4                Cy_SystemInit
 .text.SystemCoreClockUpdate
                0x100803e8      0x190 .\CortexM4\ARM_GCC_541\Debug\system_psoc6_cm4.o
                0x100803e8                SystemCoreClockUpdate
 .text.SystemInit
                0x10080578       0x48 .\CortexM4\ARM_GCC_541\Debug\system_psoc6_cm4.o
                0x10080578                SystemInit
 .text.Cy_SystemInitFpuEnable
                0x100805c0       0x28 .\CortexM4\ARM_GCC_541\Debug\system_psoc6_cm4.o
                0x100805c0                Cy_SystemInitFpuEnable
 .text.genericEventHandler
                0x100805e8       0x84 .\CortexM4\ARM_GCC_541\Debug\BLEstuff.o
                0x100805e8                genericEventHandler
 .text.bleInterruptNotify
                0x1008066c       0x38 .\CortexM4\ARM_GCC_541\Debug\BLEstuff.o
                0x1008066c                bleInterruptNotify
 .text.bleTask  0x100806a4       0x58 .\CortexM4\ARM_GCC_541\Debug\BLEstuff.o
                0x100806a4                bleTask
 .text.toggleDebugLED
                0x100806fc        0xc .\CortexM4\ARM_GCC_541\Debug\lockControl.o
                0x100806fc                toggleDebugLED
 .text.writeToLog
                0x10080708        0x8 .\CortexM4\ARM_GCC_541\Debug\error.o
                0x10080708                writeToLog
 .text.throwError
                0x10080710       0x10 .\CortexM4\ARM_GCC_541\Debug\error.o
                0x10080710                throwError
 .text.STDIO_PutChar
                0x10080720       0x18 .\CortexM4\ARM_GCC_541\Debug\stdio_user.o
                0x10080720                STDIO_PutChar
 .text.STDIO_GetChar
                0x10080738       0x1c .\CortexM4\ARM_GCC_541\Debug\stdio_user.o
                0x10080738                STDIO_GetChar
 .text.Cy_Flash_ProcessOpcode
                0x10080754       0xac .\CortexM4\ARM_GCC_541\Debug\cy_flash.o
 .text.Cy_Flash_OperationStatus
                0x10080800       0x5c .\CortexM4\ARM_GCC_541\Debug\cy_flash.o
 .text.Cy_Flash_InitExt
                0x1008085c       0x80 .\CortexM4\ARM_GCC_541\Debug\cy_flash.o
                0x1008085c                Cy_Flash_InitExt
 .text.Cy_Flash_Init
                0x100808dc       0x10 .\CortexM4\ARM_GCC_541\Debug\cy_flash.o
                0x100808dc                Cy_Flash_Init
 .text.Cy_IPC_Drv_LockRelease
                0x100808ec       0x3c .\CortexM4\ARM_GCC_541\Debug\cy_ipc_drv.o
                0x100808ec                Cy_IPC_Drv_LockRelease
 .text.Cy_IPC_Drv_SendMsgWord
                0x10080928       0x3c .\CortexM4\ARM_GCC_541\Debug\cy_ipc_drv.o
                0x10080928                Cy_IPC_Drv_SendMsgWord
 .text.Cy_IPC_Drv_ReadMsgWord
                0x10080964       0x38 .\CortexM4\ARM_GCC_541\Debug\cy_ipc_drv.o
                0x10080964                Cy_IPC_Drv_ReadMsgWord
 .text.Cy_IPC_Sema_InitExt
                0x1008099c       0xac .\CortexM4\ARM_GCC_541\Debug\cy_ipc_sema.o
                0x1008099c                Cy_IPC_Sema_InitExt
 .text.Cy_IPC_Sema_Init
                0x10080a48       0x64 .\CortexM4\ARM_GCC_541\Debug\cy_ipc_sema.o
                0x10080a48                Cy_IPC_Sema_Init
 .text.Cy_IPC_Sema_Clear
                0x10080aac       0x88 .\CortexM4\ARM_GCC_541\Debug\cy_ipc_sema.o
                0x10080aac                Cy_IPC_Sema_Clear
 .text.Cy_IPC_Sema_Status
                0x10080b34       0x40 .\CortexM4\ARM_GCC_541\Debug\cy_ipc_sema.o
                0x10080b34                Cy_IPC_Sema_Status
 .text.Cy_IPC_Pipe_Config
                0x10080b74       0x10 .\CortexM4\ARM_GCC_541\Debug\cy_ipc_pipe.o
                0x10080b74                Cy_IPC_Pipe_Config
 .text.Cy_IPC_Pipe_EndpointInit
                0x10080b84       0xd0 .\CortexM4\ARM_GCC_541\Debug\cy_ipc_pipe.o
                0x10080b84                Cy_IPC_Pipe_EndpointInit
 .text.Cy_IPC_Pipe_Init
                0x10080c54       0xb4 .\CortexM4\ARM_GCC_541\Debug\cy_ipc_pipe.o
                0x10080c54                Cy_IPC_Pipe_Init
 .text.Cy_IPC_Pipe_SendMessage
                0x10080d08       0xa4 .\CortexM4\ARM_GCC_541\Debug\cy_ipc_pipe.o
                0x10080d08                Cy_IPC_Pipe_SendMessage
 .text.Cy_IPC_Pipe_RegisterCallback
                0x10080dac       0x50 .\CortexM4\ARM_GCC_541\Debug\cy_ipc_pipe.o
                0x10080dac                Cy_IPC_Pipe_RegisterCallback
 .text.Cy_IPC_Pipe_RegisterCallbackRel
                0x10080dfc       0x2c .\CortexM4\ARM_GCC_541\Debug\cy_ipc_pipe.o
                0x10080dfc                Cy_IPC_Pipe_RegisterCallbackRel
 .text.Cy_IPC_Pipe_ExecCallback
                0x10080e28       0xbc .\CortexM4\ARM_GCC_541\Debug\cy_ipc_pipe.o
                0x10080e28                Cy_IPC_Pipe_ExecCallback
 .text.Cy_IPC_Pipe_ExecuteCallback
                0x10080ee4       0x2c .\CortexM4\ARM_GCC_541\Debug\cy_ipc_pipe.o
                0x10080ee4                Cy_IPC_Pipe_ExecuteCallback
 .text.Cy_IPC_Pipe_EndpointPause
                0x10080f10       0x54 .\CortexM4\ARM_GCC_541\Debug\cy_ipc_pipe.o
                0x10080f10                Cy_IPC_Pipe_EndpointPause
 .text.Cy_IPC_Pipe_EndpointResume
                0x10080f64       0x48 .\CortexM4\ARM_GCC_541\Debug\cy_ipc_pipe.o
                0x10080f64                Cy_IPC_Pipe_EndpointResume
 .text.Cy_SysInt_SetVector
                0x10080fac       0x48 .\CortexM4\ARM_GCC_541\Debug\cy_sysint.o
                0x10080fac                Cy_SysInt_SetVector
 .text.Cy_SysInt_Init
                0x10080ff4       0x74 .\CortexM4\ARM_GCC_541\Debug\cy_sysint.o
                0x10080ff4                Cy_SysInt_Init
 .text.Cy_SysLib_Delay
                0x10081068       0x30 .\CortexM4\ARM_GCC_541\Debug\cy_syslib.o
                0x10081068                Cy_SysLib_Delay
 .text.Cy_SysLib_Halt
                0x10081098        0x4 .\CortexM4\ARM_GCC_541\Debug\cy_syslib.o
                0x10081098                Cy_SysLib_Halt
 .text.Cy_SysLib_AssertFailed
                0x1008109c       0x1c .\CortexM4\ARM_GCC_541\Debug\cy_syslib.o
                0x1008109c                Cy_SysLib_AssertFailed
 .text.Cy_SysLib_ProcessingFault
                0x100810b8        0x4 .\CortexM4\ARM_GCC_541\Debug\cy_syslib.o
                0x100810b8                Cy_SysLib_ProcessingFault
 .text.Cy_SysLib_FaultHandler
                0x100810bc       0xa4 .\CortexM4\ARM_GCC_541\Debug\cy_syslib.o
                0x100810bc                Cy_SysLib_FaultHandler
 .text          0x10081160       0x20 .\CortexM4\ARM_GCC_541\Debug\cy_syslib_gcc.o
                0x10081160                Cy_SysLib_DelayCycles
                0x10081172                Cy_SysLib_EnterCriticalSection
                0x1008117a                Cy_SysLib_ExitCriticalSection
 .text.Cy_SysPm_RegisterCallback
                0x10081180       0x5c .\CortexM4\ARM_GCC_541\Debug\cy_syspm.o
                0x10081180                Cy_SysPm_RegisterCallback
 .text.Cy_SysPm_UnregisterCallback
                0x100811dc       0x68 .\CortexM4\ARM_GCC_541\Debug\cy_syspm.o
                0x100811dc                Cy_SysPm_UnregisterCallback
 .text.Cy_PDL_Init
                0x10081244        0xc .\CortexM4\ARM_GCC_541\Debug\cy_device.o
                0x10081244                Cy_PDL_Init
 .text.Cy_SCB_ReadArrayNoCheck
                0x10081250       0x38 .\CortexM4\ARM_GCC_541\Debug\cy_scb_common.o
                0x10081250                Cy_SCB_ReadArrayNoCheck
 .text.Cy_SCB_ReadArray
                0x10081288       0x1c .\CortexM4\ARM_GCC_541\Debug\cy_scb_common.o
                0x10081288                Cy_SCB_ReadArray
 .text.Cy_SCB_Write
                0x100812a4       0x28 .\CortexM4\ARM_GCC_541\Debug\cy_scb_common.o
                0x100812a4                Cy_SCB_Write
 .text.Cy_SCB_WriteArrayNoCheck
                0x100812cc       0x38 .\CortexM4\ARM_GCC_541\Debug\cy_scb_common.o
                0x100812cc                Cy_SCB_WriteArrayNoCheck
 .text.Cy_SCB_WriteArray
                0x10081304       0x2c .\CortexM4\ARM_GCC_541\Debug\cy_scb_common.o
                0x10081304                Cy_SCB_WriteArray
 .text.HandleDataTransmit
                0x10081330       0xdc .\CortexM4\ARM_GCC_541\Debug\cy_scb_uart.o
 .text.HandleDataReceive
                0x1008140c       0xf8 .\CortexM4\ARM_GCC_541\Debug\cy_scb_uart.o
 .text.Cy_SCB_UART_Init
                0x10081504      0x364 .\CortexM4\ARM_GCC_541\Debug\cy_scb_uart.o
                0x10081504                Cy_SCB_UART_Init
 .text.Cy_SCB_UART_GetNumInRingBuffer
                0x10081868       0x18 .\CortexM4\ARM_GCC_541\Debug\cy_scb_uart.o
                0x10081868                Cy_SCB_UART_GetNumInRingBuffer
 .text.HandleRingBuffer
                0x10081880       0xcc .\CortexM4\ARM_GCC_541\Debug\cy_scb_uart.o
 .text.Cy_SCB_UART_Interrupt
                0x1008194c       0xe8 .\CortexM4\ARM_GCC_541\Debug\cy_scb_uart.o
                0x1008194c                Cy_SCB_UART_Interrupt
 .text.Cy_BLE_DeepSleepCallback
                0x10081a34       0x88 .\CortexM4\ARM_GCC_541\Debug\cy_ble.o
                0x10081a34                Cy_BLE_DeepSleepCallback
 .text.Cy_BLE_SleepCallback
                0x10081abc       0x64 .\CortexM4\ARM_GCC_541\Debug\cy_ble.o
                0x10081abc                Cy_BLE_SleepCallback
 .text.Cy_BLE_UnregisterHostPMCallbacks
                0x10081b20       0x18 .\CortexM4\ARM_GCC_541\Debug\cy_ble.o
                0x10081b20                Cy_BLE_UnregisterHostPMCallbacks
 .text.Cy_BLE_Init
                0x10081b38       0x54 .\CortexM4\ARM_GCC_541\Debug\cy_ble.o
                0x10081b38                Cy_BLE_Init
 .text.Cy_BLE_Enable
                0x10081b8c      0x134 .\CortexM4\ARM_GCC_541\Debug\cy_ble.o
                0x10081b8c                Cy_BLE_Enable
 .text.Cy_BLE_RegisterAppHostCallback
                0x10081cc0       0x18 .\CortexM4\ARM_GCC_541\Debug\cy_ble.o
                0x10081cc0                Cy_BLE_RegisterAppHostCallback
 .text.Cy_BLE_IPC_HostMsgFlushRecvCallBack
                0x10081cd8       0x1c .\CortexM4\ARM_GCC_541\Debug\cy_ble_hal_pvt.o
 .text.Cy_BLE_IPC_HostMsgRecvCallBack
                0x10081cf4       0x1c .\CortexM4\ARM_GCC_541\Debug\cy_ble_hal_pvt.o
 .text.Cy_BLE_HAL_BlockCalcCRC8
                0x10081d10       0x34 .\CortexM4\ARM_GCC_541\Debug\cy_ble_hal_pvt.o
                0x10081d10                Cy_BLE_HAL_BlockCalcCRC8
 .text.Cy_BLE_HAL_CalcCRC8
                0x10081d44        0xc .\CortexM4\ARM_GCC_541\Debug\cy_ble_hal_pvt.o
                0x10081d44                Cy_BLE_HAL_CalcCRC8
 .text.Cy_BLE_HAL_EnterCriticalSection
                0x10081d50        0x8 .\CortexM4\ARM_GCC_541\Debug\cy_ble_hal_pvt.o
                0x10081d50                Cy_BLE_HAL_EnterCriticalSection
 .text.Cy_BLE_HAL_ExitCriticalSection
                0x10081d58        0x8 .\CortexM4\ARM_GCC_541\Debug\cy_ble_hal_pvt.o
                0x10081d58                Cy_BLE_HAL_ExitCriticalSection
 .text.Cy_BLE_HAL_EnableHostIpcPipeInterrupt
                0x10081d60        0xc .\CortexM4\ARM_GCC_541\Debug\cy_ble_hal_pvt.o
                0x10081d60                Cy_BLE_HAL_EnableHostIpcPipeInterrupt
 .text.Cy_BLE_HAL_DisableHostIpcPipeInterrupt
                0x10081d6c        0xc .\CortexM4\ARM_GCC_541\Debug\cy_ble_hal_pvt.o
                0x10081d6c                Cy_BLE_HAL_DisableHostIpcPipeInterrupt
 .text.Cy_BLE_IPC_HostRegisterClientCallbacks
                0x10081d78       0x34 .\CortexM4\ARM_GCC_541\Debug\cy_ble_hal_pvt.o
                0x10081d78                Cy_BLE_IPC_HostRegisterClientCallbacks
 .text.Cy_BLE_IPC_SendMessageToController
                0x10081dac       0x20 .\CortexM4\ARM_GCC_541\Debug\cy_ble_hal_pvt.o
                0x10081dac                Cy_BLE_IPC_SendMessageToController
 .text.Cy_BLE_HAL_EccHeapInit
                0x10081dcc        0x4 .\CortexM4\ARM_GCC_541\Debug\cy_ble_hal_pvt.o
                0x10081dcc                Cy_BLE_HAL_EccHeapInit
 .text.Cy_BLE_HAL_EccHeapDeInit
                0x10081dd0        0x4 .\CortexM4\ARM_GCC_541\Debug\cy_ble_hal_pvt.o
                0x10081dd0                Cy_BLE_HAL_EccHeapDeInit
 .text.Cy_BLE_HAL_EccGetFeatureHeapReq
                0x10081dd4        0x4 .\CortexM4\ARM_GCC_541\Debug\cy_ble_hal_pvt.o
                0x10081dd4                Cy_BLE_HAL_EccGetFeatureHeapReq
 .text.Cy_BLE_HAL_PairingLocalPublicKeyHandler
                0x10081dd8        0x8 .\CortexM4\ARM_GCC_541\Debug\cy_ble_hal_pvt.o
                0x10081dd8                Cy_BLE_HAL_PairingLocalPublicKeyHandler
 .text.Cy_BLE_HAL_PairingRemoteKeyHandler
                0x10081de0        0x8 .\CortexM4\ARM_GCC_541\Debug\cy_ble_hal_pvt.o
                0x10081de0                Cy_BLE_HAL_PairingRemoteKeyHandler
 .text.Cy_BLE_HAL_PairingDhkeyHandler
                0x10081de8        0x8 .\CortexM4\ARM_GCC_541\Debug\cy_ble_hal_pvt.o
                0x10081de8                Cy_BLE_HAL_PairingDhkeyHandler
 .text.Cy_BLE_HAL_PairingDhkeyCheckHandler
                0x10081df0        0x8 .\CortexM4\ARM_GCC_541\Debug\cy_ble_hal_pvt.o
                0x10081df0                Cy_BLE_HAL_PairingDhkeyCheckHandler
 .text.Cy_BLE_HAL_PairingKeypressNotificationHandler
                0x10081df8        0x8 .\CortexM4\ARM_GCC_541\Debug\cy_ble_hal_pvt.o
                0x10081df8                Cy_BLE_HAL_PairingKeypressNotificationHandler
 .text.Cy_BLE_HAL_PairingRandHandler
                0x10081e00        0x8 .\CortexM4\ARM_GCC_541\Debug\cy_ble_hal_pvt.o
                0x10081e00                Cy_BLE_HAL_PairingRandHandler
 .text.Cy_BLE_HAL_PairingConfirmHandler
                0x10081e08        0x8 .\CortexM4\ARM_GCC_541\Debug\cy_ble_hal_pvt.o
                0x10081e08                Cy_BLE_HAL_PairingConfirmHandler
 .text.Cy_BLE_HAL_PairingLrConfirmingHandler
                0x10081e10        0x8 .\CortexM4\ARM_GCC_541\Debug\cy_ble_hal_pvt.o
                0x10081e10                Cy_BLE_HAL_PairingLrConfirmingHandler
 .text.Cy_BLE_HAL_PairingScTbxLocalPubkeyGenerateComplete
                0x10081e18        0x8 .\CortexM4\ARM_GCC_541\Debug\cy_ble_hal_pvt.o
                0x10081e18                Cy_BLE_HAL_PairingScTbxLocalPubkeyGenerateComplete
 .text.Cy_BLE_HAL_PairingScTbxGenerateLocalP256PublicKey
                0x10081e20        0x8 .\CortexM4\ARM_GCC_541\Debug\cy_ble_hal_pvt.o
                0x10081e20                Cy_BLE_HAL_PairingScTbxGenerateLocalP256PublicKey
 .text.Cy_BLE_HAL_SeSmpScUserPasskeyHandler
                0x10081e28        0x8 .\CortexM4\ARM_GCC_541\Debug\cy_ble_hal_pvt.o
                0x10081e28                Cy_BLE_HAL_SeSmpScUserPasskeyHandler
 .text.Cy_BLE_HAL_EccPointMult
                0x10081e30        0x4 .\CortexM4\ARM_GCC_541\Debug\cy_ble_hal_pvt.o
                0x10081e30                Cy_BLE_HAL_EccPointMult
 .text.Cy_BLE_ServiceInit
                0x10081e34       0x10 .\CortexM4\ARM_GCC_541\Debug\cy_ble_gap.o
                0x10081e34                Cy_BLE_ServiceInit
 .text.Cy_BLE_GAPP_StartAdvertisement
                0x10081e44      0x120 .\CortexM4\ARM_GCC_541\Debug\cy_ble_gap.o
                0x10081e44                Cy_BLE_GAPP_StartAdvertisement
 .text.Cy_BLE_ChangeAdDeviceAddress
                0x10081f64       0x5c .\CortexM4\ARM_GCC_541\Debug\cy_ble_gap.o
                0x10081f64                Cy_BLE_ChangeAdDeviceAddress
 .text.Cy_BLE_GATTS_WriteAttributeValueCCCD
                0x10081fc0       0x6c .\CortexM4\ARM_GCC_541\Debug\cy_ble_gatt.o
                0x10081fc0                Cy_BLE_GATTS_WriteAttributeValueCCCD
 .text.Cy_BLE_GATTS_WriteEventHandler
                0x1008202c       0x84 .\CortexM4\ARM_GCC_541\Debug\cy_ble_gatt.o
                0x1008202c                Cy_BLE_GATTS_WriteEventHandler
 .text.Cy_BLE_GATTS_ReadAttributeValueCCCDReqHandler
                0x100820b0       0x58 .\CortexM4\ARM_GCC_541\Debug\cy_ble_gatt.o
                0x100820b0                Cy_BLE_GATTS_ReadAttributeValueCCCDReqHandler
 .text.Cy_BLE_SendWriteResponse
                0x10082108       0x44 .\CortexM4\ARM_GCC_541\Debug\cy_ble_event_handler.o
 .text.Cy_BLE_RegisterServiceEventHandler
                0x1008214c       0x5c .\CortexM4\ARM_GCC_541\Debug\cy_ble_event_handler.o
                0x1008214c                Cy_BLE_RegisterServiceEventHandler
 .text.Cy_BLE_InvokeServiceEventHandler
                0x100821a8       0x38 .\CortexM4\ARM_GCC_541\Debug\cy_ble_event_handler.o
                0x100821a8                Cy_BLE_InvokeServiceEventHandler
 .text.Cy_BLE_IsDeviceAddressValid
                0x100821e0       0x20 .\CortexM4\ARM_GCC_541\Debug\cy_ble_event_handler.o
                0x100821e0                Cy_BLE_IsDeviceAddressValid
 .text.Cy_BLE_EventHandler
                0x10082200      0x728 .\CortexM4\ARM_GCC_541\Debug\cy_ble_event_handler.o
                0x10082200                Cy_BLE_EventHandler
 .text.Cy_BLE_CUSTOM_EventHandler
                0x10082928        0x4 .\CortexM4\ARM_GCC_541\Debug\cy_ble_custom.o
 .text.Cy_BLE_CUSTOM_Init
                0x1008292c       0x20 .\CortexM4\ARM_GCC_541\Debug\cy_ble_custom.o
                0x1008292c                Cy_BLE_CUSTOM_Init
 .text.vListInitialise
                0x1008294c       0x18 .\CortexM4\ARM_GCC_541\Debug\list.o
                0x1008294c                vListInitialise
 .text.vListInitialiseItem
                0x10082964        0x8 .\CortexM4\ARM_GCC_541\Debug\list.o
                0x10082964                vListInitialiseItem
 .text.vListInsertEnd
                0x1008296c       0x18 .\CortexM4\ARM_GCC_541\Debug\list.o
                0x1008296c                vListInsertEnd
 .text.vListInsert
                0x10082984       0x34 .\CortexM4\ARM_GCC_541\Debug\list.o
                0x10082984                vListInsert
 .text.uxListRemove
                0x100829b8       0x28 .\CortexM4\ARM_GCC_541\Debug\list.o
                0x100829b8                uxListRemove
 .text.prvIsQueueFull
                0x100829e0       0x20 .\CortexM4\ARM_GCC_541\Debug\queue.o
 .text.prvIsQueueEmpty
                0x10082a00       0x1c .\CortexM4\ARM_GCC_541\Debug\queue.o
 .text.prvCopyDataToQueue
                0x10082a1c       0x54 .\CortexM4\ARM_GCC_541\Debug\queue.o
 .text.prvCopyDataFromQueue
                0x10082a70       0x24 .\CortexM4\ARM_GCC_541\Debug\queue.o
 .text.prvUnlockQueue
                0x10082a94       0x68 .\CortexM4\ARM_GCC_541\Debug\queue.o
 .text.xQueueGenericReset
                0x10082afc       0x80 .\CortexM4\ARM_GCC_541\Debug\queue.o
                0x10082afc                xQueueGenericReset
 .text.prvInitialiseNewQueue
                0x10082b7c       0x1c .\CortexM4\ARM_GCC_541\Debug\queue.o
 .text.xQueueGenericCreate
                0x10082b98       0x4c .\CortexM4\ARM_GCC_541\Debug\queue.o
                0x10082b98                xQueueGenericCreate
 .text.xQueueCreateCountingSemaphore
                0x10082be4       0x40 .\CortexM4\ARM_GCC_541\Debug\queue.o
                0x10082be4                xQueueCreateCountingSemaphore
 .text.xQueueGenericSend
                0x10082c24      0x190 .\CortexM4\ARM_GCC_541\Debug\queue.o
                0x10082c24                xQueueGenericSend
 .text.xQueueGenericSendFromISR
                0x10082db4       0xe4 .\CortexM4\ARM_GCC_541\Debug\queue.o
                0x10082db4                xQueueGenericSendFromISR
 .text.xQueueGiveFromISR
                0x10082e98       0xbc .\CortexM4\ARM_GCC_541\Debug\queue.o
                0x10082e98                xQueueGiveFromISR
 .text.xQueueReceive
                0x10082f54      0x158 .\CortexM4\ARM_GCC_541\Debug\queue.o
                0x10082f54                xQueueReceive
 .text.xQueueSemaphoreTake
                0x100830ac      0x140 .\CortexM4\ARM_GCC_541\Debug\queue.o
                0x100830ac                xQueueSemaphoreTake
 .text.vQueueAddToRegistry
                0x100831ec       0x28 .\CortexM4\ARM_GCC_541\Debug\queue.o
                0x100831ec                vQueueAddToRegistry
 .text.vQueueWaitForMessageRestricted
                0x10083214       0x4c .\CortexM4\ARM_GCC_541\Debug\queue.o
                0x10083214                vQueueWaitForMessageRestricted
 .text.prvResetNextTaskUnblockTime
                0x10083260       0x2c .\CortexM4\ARM_GCC_541\Debug\tasks.o
 .text.prvDeleteTCB
                0x1008328c       0x14 .\CortexM4\ARM_GCC_541\Debug\tasks.o
 .text.prvInitialiseNewTask
                0x100832a0       0xa0 .\CortexM4\ARM_GCC_541\Debug\tasks.o
 .text.prvInitialiseTaskLists
                0x10083340       0x58 .\CortexM4\ARM_GCC_541\Debug\tasks.o
 .text.prvAddNewTaskToReadyList
                0x10083398       0xac .\CortexM4\ARM_GCC_541\Debug\tasks.o
 .text.prvCheckTasksWaitingTermination
                0x10083444       0x44 .\CortexM4\ARM_GCC_541\Debug\tasks.o
 .text.prvIdleTask
                0x10083488       0x28 .\CortexM4\ARM_GCC_541\Debug\tasks.o
 .text.prvAddCurrentTaskToDelayedList
                0x100834b0       0x68 .\CortexM4\ARM_GCC_541\Debug\tasks.o
 .text.xTaskCreate
                0x10083518       0x64 .\CortexM4\ARM_GCC_541\Debug\tasks.o
                0x10083518                xTaskCreate
 .text.vTaskStartScheduler
                0x1008357c       0x7c .\CortexM4\ARM_GCC_541\Debug\tasks.o
                0x1008357c                vTaskStartScheduler
 .text.vTaskSuspendAll
                0x100835f8       0x14 .\CortexM4\ARM_GCC_541\Debug\tasks.o
                0x100835f8                vTaskSuspendAll
 .text.xTaskGetTickCount
                0x1008360c        0xc .\CortexM4\ARM_GCC_541\Debug\tasks.o
                0x1008360c                xTaskGetTickCount
 .text.xTaskIncrementTick
                0x10083618       0xfc .\CortexM4\ARM_GCC_541\Debug\tasks.o
                0x10083618                xTaskIncrementTick
 .text.xTaskResumeAll
                0x10083714       0xf0 .\CortexM4\ARM_GCC_541\Debug\tasks.o
                0x10083714                xTaskResumeAll
 .text.vTaskSwitchContext
                0x10083804       0xc8 .\CortexM4\ARM_GCC_541\Debug\tasks.o
                0x10083804                vTaskSwitchContext
 .text.vTaskPlaceOnEventList
                0x100838cc       0x34 .\CortexM4\ARM_GCC_541\Debug\tasks.o
                0x100838cc                vTaskPlaceOnEventList
 .text.vTaskPlaceOnEventListRestricted
                0x10083900       0x3c .\CortexM4\ARM_GCC_541\Debug\tasks.o
                0x10083900                vTaskPlaceOnEventListRestricted
 .text.xTaskRemoveFromEventList
                0x1008393c       0x88 .\CortexM4\ARM_GCC_541\Debug\tasks.o
                0x1008393c                xTaskRemoveFromEventList
 .text.vTaskInternalSetTimeOutState
                0x100839c4       0x14 .\CortexM4\ARM_GCC_541\Debug\tasks.o
                0x100839c4                vTaskInternalSetTimeOutState
 .text.xTaskCheckForTimeOut
                0x100839d8       0x80 .\CortexM4\ARM_GCC_541\Debug\tasks.o
                0x100839d8                xTaskCheckForTimeOut
 .text.vTaskMissedYield
                0x10083a58       0x10 .\CortexM4\ARM_GCC_541\Debug\tasks.o
                0x10083a58                vTaskMissedYield
 .text.xTaskGetSchedulerState
                0x10083a68       0x20 .\CortexM4\ARM_GCC_541\Debug\tasks.o
                0x10083a68                xTaskGetSchedulerState
 .text.prvGetNextExpireTime
                0x10083a88       0x20 .\CortexM4\ARM_GCC_541\Debug\timers.o
 .text.prvInsertTimerInActiveList
                0x10083aa8       0x44 .\CortexM4\ARM_GCC_541\Debug\timers.o
 .text.prvCheckForValidListAndQueue
                0x10083aec       0x48 .\CortexM4\ARM_GCC_541\Debug\timers.o
 .text.xTimerCreateTimerTask
                0x10083b34       0x50 .\CortexM4\ARM_GCC_541\Debug\timers.o
                0x10083b34                xTimerCreateTimerTask
 .text.xTimerGenericCommand
                0x10083b84       0x6c .\CortexM4\ARM_GCC_541\Debug\timers.o
                0x10083b84                xTimerGenericCommand
 .text.prvSwitchTimerLists
                0x10083bf0       0x74 .\CortexM4\ARM_GCC_541\Debug\timers.o
 .text.prvSampleTimeNow
                0x10083c64       0x2c .\CortexM4\ARM_GCC_541\Debug\timers.o
 .text.prvProcessExpiredTimer
                0x10083c90       0x5c .\CortexM4\ARM_GCC_541\Debug\timers.o
 .text.prvProcessTimerOrBlockTask
                0x10083cec       0x70 .\CortexM4\ARM_GCC_541\Debug\timers.o
 .text.prvProcessReceivedCommands
                0x10083d5c       0xbc .\CortexM4\ARM_GCC_541\Debug\timers.o
 .text.prvTimerTask
                0x10083e18       0x18 .\CortexM4\ARM_GCC_541\Debug\timers.o
 .text.prvTaskExitError
                0x10083e30       0x40 .\CortexM4\ARM_GCC_541\Debug\port.o
 .text.prvPortStartFirstTask
                0x10083e70       0x28 .\CortexM4\ARM_GCC_541\Debug\port.o
 .text.vPortEnableVFP
                0x10083e98       0x14 .\CortexM4\ARM_GCC_541\Debug\port.o
 .text.pxPortInitialiseStack
                0x10083eac       0x2c .\CortexM4\ARM_GCC_541\Debug\port.o
                0x10083eac                pxPortInitialiseStack
 *fill*         0x10083ed8        0x8 
 .text.SVC_Handler
                0x10083ee0       0x24 .\CortexM4\ARM_GCC_541\Debug\port.o
                0x10083ee0                SVC_Handler
 .text.vPortEnterCritical
                0x10083f04       0x44 .\CortexM4\ARM_GCC_541\Debug\port.o
                0x10083f04                vPortEnterCritical
 .text.vPortExitCritical
                0x10083f48       0x2c .\CortexM4\ARM_GCC_541\Debug\port.o
                0x10083f48                vPortExitCritical
 *fill*         0x10083f74        0xc 
 .text.PendSV_Handler
                0x10083f80       0x64 .\CortexM4\ARM_GCC_541\Debug\port.o
                0x10083f80                PendSV_Handler
 .text.SysTick_Handler
                0x10083fe4       0x2c .\CortexM4\ARM_GCC_541\Debug\port.o
                0x10083fe4                SysTick_Handler
 .text.vPortSetupTimerInterrupt
                0x10084010       0x38 .\CortexM4\ARM_GCC_541\Debug\port.o
                0x10084010                vPortSetupTimerInterrupt
 .text.xPortStartScheduler
                0x10084048       0xe0 .\CortexM4\ARM_GCC_541\Debug\port.o
                0x10084048                xPortStartScheduler
 .text.vPortValidateInterruptPriority
                0x10084128       0x58 .\CortexM4\ARM_GCC_541\Debug\port.o
                0x10084128                vPortValidateInterruptPriority
 .text.vApplicationStackOverflowHook
                0x10084180       0x24 .\CortexM4\ARM_GCC_541\Debug\port.o
                0x10084180                vApplicationStackOverflowHook
 .text.pvPortMalloc
                0x100841a4       0x60 .\CortexM4\ARM_GCC_541\Debug\heap_1.o
                0x100841a4                pvPortMalloc
 .text.vPortFree
                0x10084204       0x18 .\CortexM4\ARM_GCC_541\Debug\heap_1.o
                0x10084204                vPortFree
 .text._write   0x1008421c       0x24 .\CortexM4\ARM_GCC_541\Debug\retarget.o
                0x1008421c                _write
 .text._read    0x10084240       0x2c .\CortexM4\ARM_GCC_541\Debug\retarget.o
                0x10084240                _read
 .text.Cy_BLE_Start
                0x1008426c       0x38 .\CortexM4\ARM_GCC_541\Debug\BLE.o
                0x1008426c                Cy_BLE_Start
 .text.UART_1_Interrupt
                0x100842a4       0x14 .\CortexM4\ARM_GCC_541\Debug\UART_1.o
 .text.UART_1_Start
                0x100842b8       0x64 .\CortexM4\ARM_GCC_541\Debug\UART_1.o
                0x100842b8                UART_1_Start
 .text          0x1008431c      0x370 c:/program files (x86)/cypress/psoc creator/4.4/psoc creator/import/gnu/arm/5.4.1/bin/../lib/gcc/arm-none-eabi/5.4.1/armv7e-m/softfp\libgcc.a(_arm_addsubdf3.o)
                0x1008431c                __aeabi_drsub
                0x10084324                __aeabi_dsub
                0x10084324                __subdf3
                0x10084328                __aeabi_dadd
                0x10084328                __adddf3
                0x100845a0                __floatunsidf
                0x100845a0                __aeabi_ui2d
                0x100845c0                __floatsidf
                0x100845c0                __aeabi_i2d
                0x100845e4                __aeabi_f2d
                0x100845e4                __extendsfdf2
                0x10084620                __floatundidf
                0x10084620                __aeabi_ul2d
                0x10084630                __floatdidf
                0x10084630                __aeabi_l2d
 .text          0x1008468c      0x424 c:/program files (x86)/cypress/psoc creator/4.4/psoc creator/import/gnu/arm/5.4.1/bin/../lib/gcc/arm-none-eabi/5.4.1/armv7e-m/softfp\libgcc.a(_arm_muldivdf3.o)
                0x1008468c                __aeabi_dmul
                0x1008468c                __muldf3
                0x100848e0                __divdf3
                0x100848e0                __aeabi_ddiv
 .text.memcmp   0x10084ab0       0x1e c:/program files (x86)/cypress/psoc creator/4.4/psoc creator/import/gnu/arm/5.4.1/bin/../lib/gcc/arm-none-eabi/5.4.1/../../../../arm-none-eabi/lib/armv7e-m/softfp\libg_nano.a(lib_a-memcmp.o)
                0x10084ab0                memcmp
 .text.memcpy   0x10084ace       0x16 c:/program files (x86)/cypress/psoc creator/4.4/psoc creator/import/gnu/arm/5.4.1/bin/../lib/gcc/arm-none-eabi/5.4.1/../../../../arm-none-eabi/lib/armv7e-m/softfp\libg_nano.a(lib_a-memcpy-stub.o)
                0x10084ace                memcpy
 .text.memset   0x10084ae4       0x10 c:/program files (x86)/cypress/psoc creator/4.4/psoc creator/import/gnu/arm/5.4.1/bin/../lib/gcc/arm-none-eabi/5.4.1/../../../../arm-none-eabi/lib/armv7e-m/softfp\libg_nano.a(lib_a-memset.o)
                0x10084ae4                memset
 .text.__cvt    0x10084af4       0xc2 c:/program files (x86)/cypress/psoc creator/4.4/psoc creator/import/gnu/arm/5.4.1/bin/../lib/gcc/arm-none-eabi/5.4.1/../../../../arm-none-eabi/lib/armv7e-m/softfp\libg_nano.a(lib_a-nano-vfprintf_float.o)
                0x10084af4                __cvt
 .text.__exponent
                0x10084bb6       0x60 c:/program files (x86)/cypress/psoc creator/4.4/psoc creator/import/gnu/arm/5.4.1/bin/../lib/gcc/arm-none-eabi/5.4.1/../../../../arm-none-eabi/lib/armv7e-m/softfp\libg_nano.a(lib_a-nano-vfprintf_float.o)
                0x10084bb6                __exponent
 *fill*         0x10084c16        0x2 
 .text._printf_float
                0x10084c18      0x488 c:/program files (x86)/cypress/psoc creator/4.4/psoc creator/import/gnu/arm/5.4.1/bin/../lib/gcc/arm-none-eabi/5.4.1/../../../../arm-none-eabi/lib/armv7e-m/softfp\libg_nano.a(lib_a-nano-vfprintf_float.o)
                0x10084c18                _printf_float
 .text._printf_common
                0x100850a0       0xec c:/program files (x86)/cypress/psoc creator/4.4/psoc creator/import/gnu/arm/5.4.1/bin/../lib/gcc/arm-none-eabi/5.4.1/../../../../arm-none-eabi/lib/armv7e-m/softfp\libg_nano.a(lib_a-nano-vfprintf_i.o)
                0x100850a0                _printf_common
 .text._printf_i
                0x1008518c      0x24c c:/program files (x86)/cypress/psoc creator/4.4/psoc creator/import/gnu/arm/5.4.1/bin/../lib/gcc/arm-none-eabi/5.4.1/../../../../arm-none-eabi/lib/armv7e-m/softfp\libg_nano.a(lib_a-nano-vfprintf_i.o)
                0x1008518c                _printf_i
 .text.printf   0x100853d8       0x30 c:/program files (x86)/cypress/psoc creator/4.4/psoc creator/import/gnu/arm/5.4.1/bin/../lib/gcc/arm-none-eabi/5.4.1/../../../../arm-none-eabi/lib/armv7e-m/softfp\libg_nano.a(lib_a-printf.o)
                0x100853d8                iprintf
                0x100853d8                printf
 .text.setvbuf  0x10085408      0x154 c:/program files (x86)/cypress/psoc creator/4.4/psoc creator/import/gnu/arm/5.4.1/bin/../lib/gcc/arm-none-eabi/5.4.1/../../../../arm-none-eabi/lib/armv7e-m/softfp\libg_nano.a(lib_a-setvbuf.o)
                0x10085408                setvbuf
 .text          0x1008555c       0x10 c:/program files (x86)/cypress/psoc creator/4.4/psoc creator/import/gnu/arm/5.4.1/bin/../lib/gcc/arm-none-eabi/5.4.1/../../../../arm-none-eabi/lib/armv7e-m/softfp\libg_nano.a(lib_a-strlen.o)
                0x1008555c                strlen
 .text.strncpy  0x1008556c       0x26 c:/program files (x86)/cypress/psoc creator/4.4/psoc creator/import/gnu/arm/5.4.1/bin/../lib/gcc/arm-none-eabi/5.4.1/../../../../arm-none-eabi/lib/armv7e-m/softfp\libg_nano.a(lib_a-strncpy.o)
                0x1008556c                strncpy
 .text.quorem   0x10085592      0x11e c:/program files (x86)/cypress/psoc creator/4.4/psoc creator/import/gnu/arm/5.4.1/bin/../lib/gcc/arm-none-eabi/5.4.1/../../../../arm-none-eabi/lib/armv7e-m/softfp\libg_nano.a(lib_a-dtoa.o)
 .text._dtoa_r  0x100856b0      0xb38 c:/program files (x86)/cypress/psoc creator/4.4/psoc creator/import/gnu/arm/5.4.1/bin/../lib/gcc/arm-none-eabi/5.4.1/../../../../arm-none-eabi/lib/armv7e-m/softfp\libg_nano.a(lib_a-dtoa.o)
                0x100856b0                _dtoa_r
 .text.__sflush_r
                0x100861e8      0x110 c:/program files (x86)/cypress/psoc creator/4.4/psoc creator/import/gnu/arm/5.4.1/bin/../lib/gcc/arm-none-eabi/5.4.1/../../../../arm-none-eabi/lib/armv7e-m/softfp\libg_nano.a(lib_a-fflush.o)
                0x100861e8                __sflush_r
 .text._fflush_r
                0x100862f8       0x54 c:/program files (x86)/cypress/psoc creator/4.4/psoc creator/import/gnu/arm/5.4.1/bin/../lib/gcc/arm-none-eabi/5.4.1/../../../../arm-none-eabi/lib/armv7e-m/softfp\libg_nano.a(lib_a-fflush.o)
                0x100862f8                _fflush_r
 .text._cleanup_r
                0x1008634c        0xc c:/program files (x86)/cypress/psoc creator/4.4/psoc creator/import/gnu/arm/5.4.1/bin/../lib/gcc/arm-none-eabi/5.4.1/../../../../arm-none-eabi/lib/armv7e-m/softfp\libg_nano.a(lib_a-findfp.o)
                0x1008634c                _cleanup_r
 .text.std.isra.0
                0x10086358       0x48 c:/program files (x86)/cypress/psoc creator/4.4/psoc creator/import/gnu/arm/5.4.1/bin/../lib/gcc/arm-none-eabi/5.4.1/../../../../arm-none-eabi/lib/armv7e-m/softfp\libg_nano.a(lib_a-findfp.o)
 .text.__sfmoreglue
                0x100863a0       0x2c c:/program files (x86)/cypress/psoc creator/4.4/psoc creator/import/gnu/arm/5.4.1/bin/../lib/gcc/arm-none-eabi/5.4.1/../../../../arm-none-eabi/lib/armv7e-m/softfp\libg_nano.a(lib_a-findfp.o)
                0x100863a0                __sfmoreglue
 .text.__sinit  0x100863cc       0x60 c:/program files (x86)/cypress/psoc creator/4.4/psoc creator/import/gnu/arm/5.4.1/bin/../lib/gcc/arm-none-eabi/5.4.1/../../../../arm-none-eabi/lib/armv7e-m/softfp\libg_nano.a(lib_a-findfp.o)
                0x100863cc                __sinit
 .text.__sfp    0x1008642c       0x78 c:/program files (x86)/cypress/psoc creator/4.4/psoc creator/import/gnu/arm/5.4.1/bin/../lib/gcc/arm-none-eabi/5.4.1/../../../../arm-none-eabi/lib/armv7e-m/softfp\libg_nano.a(lib_a-findfp.o)
                0x1008642c                __sfp
 .text._fwalk_reent
                0x100864a4       0x3c c:/program files (x86)/cypress/psoc creator/4.4/psoc creator/import/gnu/arm/5.4.1/bin/../lib/gcc/arm-none-eabi/5.4.1/../../../../arm-none-eabi/lib/armv7e-m/softfp\libg_nano.a(lib_a-fwalk.o)
                0x100864a4                _fwalk_reent
 .text._localeconv_r
                0x100864e0        0x8 c:/program files (x86)/cypress/psoc creator/4.4/psoc creator/import/gnu/arm/5.4.1/bin/../lib/gcc/arm-none-eabi/5.4.1/../../../../arm-none-eabi/lib/armv7e-m/softfp\libg_nano.a(lib_a-locale.o)
                0x100864e0                _localeconv_r
 .text.__swhatbuf_r
                0x100864e8       0x46 c:/program files (x86)/cypress/psoc creator/4.4/psoc creator/import/gnu/arm/5.4.1/bin/../lib/gcc/arm-none-eabi/5.4.1/../../../../arm-none-eabi/lib/armv7e-m/softfp\libg_nano.a(lib_a-makebuf.o)
                0x100864e8                __swhatbuf_r
 *fill*         0x1008652e        0x2 
 .text.__smakebuf_r
                0x10086530       0x78 c:/program files (x86)/cypress/psoc creator/4.4/psoc creator/import/gnu/arm/5.4.1/bin/../lib/gcc/arm-none-eabi/5.4.1/../../../../arm-none-eabi/lib/armv7e-m/softfp\libg_nano.a(lib_a-makebuf.o)
                0x10086530                __smakebuf_r
 .text.malloc   0x100865a8       0x10 c:/program files (x86)/cypress/psoc creator/4.4/psoc creator/import/gnu/arm/5.4.1/bin/../lib/gcc/arm-none-eabi/5.4.1/../../../../arm-none-eabi/lib/armv7e-m/softfp\libg_nano.a(lib_a-malloc.o)
                0x100865a8                malloc
 *fill*         0x100865b8        0x8 
 .text          0x100865c0       0xa0 c:/program files (x86)/cypress/psoc creator/4.4/psoc creator/import/gnu/arm/5.4.1/bin/../lib/gcc/arm-none-eabi/5.4.1/../../../../arm-none-eabi/lib/armv7e-m/softfp\libg_nano.a(lib_a-memchr.o)
                0x100865c0                memchr
 .text._Balloc  0x10086660       0x6a c:/program files (x86)/cypress/psoc creator/4.4/psoc creator/import/gnu/arm/5.4.1/bin/../lib/gcc/arm-none-eabi/5.4.1/../../../../arm-none-eabi/lib/armv7e-m/softfp\libg_nano.a(lib_a-mprec.o)
                0x10086660                _Balloc
 .text._Bfree   0x100866ca       0x2e c:/program files (x86)/cypress/psoc creator/4.4/psoc creator/import/gnu/arm/5.4.1/bin/../lib/gcc/arm-none-eabi/5.4.1/../../../../arm-none-eabi/lib/armv7e-m/softfp\libg_nano.a(lib_a-mprec.o)
                0x100866ca                _Bfree
 .text.__multadd
                0x100866f8       0x76 c:/program files (x86)/cypress/psoc creator/4.4/psoc creator/import/gnu/arm/5.4.1/bin/../lib/gcc/arm-none-eabi/5.4.1/../../../../arm-none-eabi/lib/armv7e-m/softfp\libg_nano.a(lib_a-mprec.o)
                0x100866f8                __multadd
 .text.__hi0bits
                0x1008676e       0x40 c:/program files (x86)/cypress/psoc creator/4.4/psoc creator/import/gnu/arm/5.4.1/bin/../lib/gcc/arm-none-eabi/5.4.1/../../../../arm-none-eabi/lib/armv7e-m/softfp\libg_nano.a(lib_a-mprec.o)
                0x1008676e                __hi0bits
 .text.__lo0bits
                0x100867ae       0x5a c:/program files (x86)/cypress/psoc creator/4.4/psoc creator/import/gnu/arm/5.4.1/bin/../lib/gcc/arm-none-eabi/5.4.1/../../../../arm-none-eabi/lib/armv7e-m/softfp\libg_nano.a(lib_a-mprec.o)
                0x100867ae                __lo0bits
 .text.__i2b    0x10086808       0x12 c:/program files (x86)/cypress/psoc creator/4.4/psoc creator/import/gnu/arm/5.4.1/bin/../lib/gcc/arm-none-eabi/5.4.1/../../../../arm-none-eabi/lib/armv7e-m/softfp\libg_nano.a(lib_a-mprec.o)
                0x10086808                __i2b
 .text.__multiply
                0x1008681a      0x122 c:/program files (x86)/cypress/psoc creator/4.4/psoc creator/import/gnu/arm/5.4.1/bin/../lib/gcc/arm-none-eabi/5.4.1/../../../../arm-none-eabi/lib/armv7e-m/softfp\libg_nano.a(lib_a-mprec.o)
                0x1008681a                __multiply
 .text.__pow5mult
                0x1008693c       0x9c c:/program files (x86)/cypress/psoc creator/4.4/psoc creator/import/gnu/arm/5.4.1/bin/../lib/gcc/arm-none-eabi/5.4.1/../../../../arm-none-eabi/lib/armv7e-m/softfp\libg_nano.a(lib_a-mprec.o)
                0x1008693c                __pow5mult
 .text.__lshift
                0x100869d8       0xa2 c:/program files (x86)/cypress/psoc creator/4.4/psoc creator/import/gnu/arm/5.4.1/bin/../lib/gcc/arm-none-eabi/5.4.1/../../../../arm-none-eabi/lib/armv7e-m/softfp\libg_nano.a(lib_a-mprec.o)
                0x100869d8                __lshift
 .text.__mcmp   0x10086a7a       0x38 c:/program files (x86)/cypress/psoc creator/4.4/psoc creator/import/gnu/arm/5.4.1/bin/../lib/gcc/arm-none-eabi/5.4.1/../../../../arm-none-eabi/lib/armv7e-m/softfp\libg_nano.a(lib_a-mprec.o)
                0x10086a7a                __mcmp
 .text.__mdiff  0x10086ab2       0xbe c:/program files (x86)/cypress/psoc creator/4.4/psoc creator/import/gnu/arm/5.4.1/bin/../lib/gcc/arm-none-eabi/5.4.1/../../../../arm-none-eabi/lib/armv7e-m/softfp\libg_nano.a(lib_a-mprec.o)
                0x10086ab2                __mdiff
 .text.__d2b    0x10086b70       0x9c c:/program files (x86)/cypress/psoc creator/4.4/psoc creator/import/gnu/arm/5.4.1/bin/../lib/gcc/arm-none-eabi/5.4.1/../../../../arm-none-eabi/lib/armv7e-m/softfp\libg_nano.a(lib_a-mprec.o)
                0x10086b70                __d2b
 .text._calloc_r
                0x10086c0c       0x1c c:/program files (x86)/cypress/psoc creator/4.4/psoc creator/import/gnu/arm/5.4.1/bin/../lib/gcc/arm-none-eabi/5.4.1/../../../../arm-none-eabi/lib/armv7e-m/softfp\libg_nano.a(lib_a-nano-callocr.o)
                0x10086c0c                _calloc_r
 .text._free_r  0x10086c28       0x9c c:/program files (x86)/cypress/psoc creator/4.4/psoc creator/import/gnu/arm/5.4.1/bin/../lib/gcc/arm-none-eabi/5.4.1/../../../../arm-none-eabi/lib/armv7e-m/softfp\libg_nano.a(lib_a-nano-freer.o)
                0x10086c28                _free_r
 .text._malloc_r
                0x10086cc4       0xbc c:/program files (x86)/cypress/psoc creator/4.4/psoc creator/import/gnu/arm/5.4.1/bin/../lib/gcc/arm-none-eabi/5.4.1/../../../../arm-none-eabi/lib/armv7e-m/softfp\libg_nano.a(lib_a-nano-mallocr.o)
                0x10086cc4                _malloc_r
 .text.__sfputc_r
                0x10086d80       0x30 c:/program files (x86)/cypress/psoc creator/4.4/psoc creator/import/gnu/arm/5.4.1/bin/../lib/gcc/arm-none-eabi/5.4.1/../../../../arm-none-eabi/lib/armv7e-m/softfp\libg_nano.a(lib_a-nano-vfprintf.o)
 .text.__sfputs_r
                0x10086db0       0x24 c:/program files (x86)/cypress/psoc creator/4.4/psoc creator/import/gnu/arm/5.4.1/bin/../lib/gcc/arm-none-eabi/5.4.1/../../../../arm-none-eabi/lib/armv7e-m/softfp\libg_nano.a(lib_a-nano-vfprintf.o)
                0x10086db0                __sfputs_r
 .text._vfprintf_r
                0x10086dd4      0x238 c:/program files (x86)/cypress/psoc creator/4.4/psoc creator/import/gnu/arm/5.4.1/bin/../lib/gcc/arm-none-eabi/5.4.1/../../../../arm-none-eabi/lib/armv7e-m/softfp\libg_nano.a(lib_a-nano-vfprintf.o)
                0x10086dd4                _vfprintf_r
                0x10086dd4                _vfiprintf_r
 .text._sbrk_r  0x1008700c       0x20 c:/program files (x86)/cypress/psoc creator/4.4/psoc creator/import/gnu/arm/5.4.1/bin/../lib/gcc/arm-none-eabi/5.4.1/../../../../arm-none-eabi/lib/armv7e-m/softfp\libg_nano.a(lib_a-sbrkr.o)
                0x1008700c                _sbrk_r
 .text.__sread  0x1008702c       0x22 c:/program files (x86)/cypress/psoc creator/4.4/psoc creator/import/gnu/arm/5.4.1/bin/../lib/gcc/arm-none-eabi/5.4.1/../../../../arm-none-eabi/lib/armv7e-m/softfp\libg_nano.a(lib_a-stdio.o)
                0x1008702c                __sread
 .text.__swrite
                0x1008704e       0x38 c:/program files (x86)/cypress/psoc creator/4.4/psoc creator/import/gnu/arm/5.4.1/bin/../lib/gcc/arm-none-eabi/5.4.1/../../../../arm-none-eabi/lib/armv7e-m/softfp\libg_nano.a(lib_a-stdio.o)
                0x1008704e                __swrite
 .text.__sseek  0x10087086       0x24 c:/program files (x86)/cypress/psoc creator/4.4/psoc creator/import/gnu/arm/5.4.1/bin/../lib/gcc/arm-none-eabi/5.4.1/../../../../arm-none-eabi/lib/armv7e-m/softfp\libg_nano.a(lib_a-stdio.o)
                0x10087086                __sseek
 .text.__sclose
                0x100870aa        0x8 c:/program files (x86)/cypress/psoc creator/4.4/psoc creator/import/gnu/arm/5.4.1/bin/../lib/gcc/arm-none-eabi/5.4.1/../../../../arm-none-eabi/lib/armv7e-m/softfp\libg_nano.a(lib_a-stdio.o)
                0x100870aa                __sclose
 *fill*         0x100870b2        0x2 
 .text.__swbuf_r
                0x100870b4       0xa8 c:/program files (x86)/cypress/psoc creator/4.4/psoc creator/import/gnu/arm/5.4.1/bin/../lib/gcc/arm-none-eabi/5.4.1/../../../../arm-none-eabi/lib/armv7e-m/softfp\libg_nano.a(lib_a-wbuf.o)
                0x100870b4                __swbuf_r
 .text._write_r
                0x1008715c       0x24 c:/program files (x86)/cypress/psoc creator/4.4/psoc creator/import/gnu/arm/5.4.1/bin/../lib/gcc/arm-none-eabi/5.4.1/../../../../arm-none-eabi/lib/armv7e-m/softfp\libg_nano.a(lib_a-writer.o)
                0x1008715c                _write_r
 .text.__swsetup_r
                0x10087180       0xdc c:/program files (x86)/cypress/psoc creator/4.4/psoc creator/import/gnu/arm/5.4.1/bin/../lib/gcc/arm-none-eabi/5.4.1/../../../../arm-none-eabi/lib/armv7e-m/softfp\libg_nano.a(lib_a-wsetup.o)
                0x10087180                __swsetup_r
 .text._close_r
                0x1008725c       0x20 c:/program files (x86)/cypress/psoc creator/4.4/psoc creator/import/gnu/arm/5.4.1/bin/../lib/gcc/arm-none-eabi/5.4.1/../../../../arm-none-eabi/lib/armv7e-m/softfp\libg_nano.a(lib_a-closer.o)
                0x1008725c                _close_r
 .text._fstat_r
                0x1008727c       0x24 c:/program files (x86)/cypress/psoc creator/4.4/psoc creator/import/gnu/arm/5.4.1/bin/../lib/gcc/arm-none-eabi/5.4.1/../../../../arm-none-eabi/lib/armv7e-m/softfp\libg_nano.a(lib_a-fstatr.o)
                0x1008727c                _fstat_r
 .text._isatty_r
                0x100872a0       0x20 c:/program files (x86)/cypress/psoc creator/4.4/psoc creator/import/gnu/arm/5.4.1/bin/../lib/gcc/arm-none-eabi/5.4.1/../../../../arm-none-eabi/lib/armv7e-m/softfp\libg_nano.a(lib_a-isattyr.o)
                0x100872a0                _isatty_r
 .text._lseek_r
                0x100872c0       0x24 c:/program files (x86)/cypress/psoc creator/4.4/psoc creator/import/gnu/arm/5.4.1/bin/../lib/gcc/arm-none-eabi/5.4.1/../../../../arm-none-eabi/lib/armv7e-m/softfp\libg_nano.a(lib_a-lseekr.o)
                0x100872c0                _lseek_r
 .text.__malloc_lock
                0x100872e4        0x2 c:/program files (x86)/cypress/psoc creator/4.4/psoc creator/import/gnu/arm/5.4.1/bin/../lib/gcc/arm-none-eabi/5.4.1/../../../../arm-none-eabi/lib/armv7e-m/softfp\libg_nano.a(lib_a-mlock.o)
                0x100872e4                __malloc_lock
 .text.__malloc_unlock
                0x100872e6        0x2 c:/program files (x86)/cypress/psoc creator/4.4/psoc creator/import/gnu/arm/5.4.1/bin/../lib/gcc/arm-none-eabi/5.4.1/../../../../arm-none-eabi/lib/armv7e-m/softfp\libg_nano.a(lib_a-mlock.o)
                0x100872e6                __malloc_unlock
 .text._read_r  0x100872e8       0x24 c:/program files (x86)/cypress/psoc creator/4.4/psoc creator/import/gnu/arm/5.4.1/bin/../lib/gcc/arm-none-eabi/5.4.1/../../../../arm-none-eabi/lib/armv7e-m/softfp\libg_nano.a(lib_a-readr.o)
                0x100872e8                _read_r
 .text          0x1008730c      0x110 c:/program files (x86)/cypress/psoc creator/4.4/psoc creator/import/gnu/arm/5.4.1/bin/../lib/gcc/arm-none-eabi/5.4.1/armv7e-m/softfp\libgcc.a(_arm_cmpdf2.o)
                0x1008730c                __gtdf2
                0x1008730c                __gedf2
                0x10087314                __ltdf2
                0x10087314                __ledf2
                0x1008731c                __nedf2
                0x1008731c                __eqdf2
                0x1008731c                __cmpdf2
                0x10087398                __aeabi_cdrcmple
                0x100873a8                __aeabi_cdcmpeq
                0x100873a8                __aeabi_cdcmple
                0x100873b8                __aeabi_dcmpeq
                0x100873cc                __aeabi_dcmplt
                0x100873e0                __aeabi_dcmple
                0x100873f4                __aeabi_dcmpge
                0x10087408                __aeabi_dcmpgt
 .text          0x1008741c       0x2c c:/program files (x86)/cypress/psoc creator/4.4/psoc creator/import/gnu/arm/5.4.1/bin/../lib/gcc/arm-none-eabi/5.4.1/armv7e-m/softfp\libgcc.a(_arm_unorddf2.o)
                0x1008741c                __unorddf2
                0x1008741c                __aeabi_dcmpun
 .text          0x10087448       0x50 c:/program files (x86)/cypress/psoc creator/4.4/psoc creator/import/gnu/arm/5.4.1/bin/../lib/gcc/arm-none-eabi/5.4.1/armv7e-m/softfp\libgcc.a(_arm_fixdfsi.o)
                0x10087448                __aeabi_d2iz
                0x10087448                __fixdfsi
 .text._close   0x10087498       0x10 c:/program files (x86)/cypress/psoc creator/4.4/psoc creator/import/gnu/arm/5.4.1/bin/../lib/gcc/arm-none-eabi/5.4.1/../../../../arm-none-eabi/lib/armv7e-m/softfp\libnosys.a(close.o)
                0x10087498                _close
 .text._fstat   0x100874a8       0x10 c:/program files (x86)/cypress/psoc creator/4.4/psoc creator/import/gnu/arm/5.4.1/bin/../lib/gcc/arm-none-eabi/5.4.1/../../../../arm-none-eabi/lib/armv7e-m/softfp\libnosys.a(fstat.o)
                0x100874a8                _fstat
 .text._isatty  0x100874b8       0x10 c:/program files (x86)/cypress/psoc creator/4.4/psoc creator/import/gnu/arm/5.4.1/bin/../lib/gcc/arm-none-eabi/5.4.1/../../../../arm-none-eabi/lib/armv7e-m/softfp\libnosys.a(isatty.o)
                0x100874b8                _isatty
 .text._lseek   0x100874c8       0x10 c:/program files (x86)/cypress/psoc creator/4.4/psoc creator/import/gnu/arm/5.4.1/bin/../lib/gcc/arm-none-eabi/5.4.1/../../../../arm-none-eabi/lib/armv7e-m/softfp\libnosys.a(lseek.o)
                0x100874c8                _lseek
 .text._sbrk    0x100874d8       0x1c c:/program files (x86)/cypress/psoc creator/4.4/psoc creator/import/gnu/arm/5.4.1/bin/../lib/gcc/arm-none-eabi/5.4.1/../../../../arm-none-eabi/lib/armv7e-m/softfp\libnosys.a(sbrk.o)
                0x100874d8                _sbrk
 *(.init)
 .init          0x100874f4        0x4 c:/program files (x86)/cypress/psoc creator/4.4/psoc creator/import/gnu/arm/5.4.1/bin/../lib/gcc/arm-none-eabi/5.4.1/armv7e-m/softfp/crti.o
                0x100874f4                _init
 .init          0x100874f8        0x8 c:/program files (x86)/cypress/psoc creator/4.4/psoc creator/import/gnu/arm/5.4.1/bin/../lib/gcc/arm-none-eabi/5.4.1/armv7e-m/softfp/crtn.o
 *(.fini)
 .fini          0x10087500        0x4 c:/program files (x86)/cypress/psoc creator/4.4/psoc creator/import/gnu/arm/5.4.1/bin/../lib/gcc/arm-none-eabi/5.4.1/armv7e-m/softfp/crti.o
                0x10087500                _fini
 .fini          0x10087504        0x8 c:/program files (x86)/cypress/psoc creator/4.4/psoc creator/import/gnu/arm/5.4.1/bin/../lib/gcc/arm-none-eabi/5.4.1/armv7e-m/softfp/crtn.o
 *crtbegin.o(.ctors)
 *crtbegin?.o(.ctors)
 *(EXCLUDE_FILE(*crtend.o *crtend?.o) .ctors)
 *(SORT(.ctors.*))
 *(.ctors)
 *crtbegin.o(.dtors)
 *crtbegin?.o(.dtors)
 *(EXCLUDE_FILE(*crtend.o *crtend?.o) .dtors)
 *(SORT(.dtors.*))
 *(.dtors)
 *(.rodata .rodata.* .constdata .constdata.* .conststring .conststring.*)
 .rodata.str1.4
                0x1008750c       0x48 .\CortexM4\ARM_GCC_541\Debug\main_cm4.o
 .rodata        0x10087554       0x34 .\CortexM4\ARM_GCC_541\Debug\system_psoc6_cm4.o
 .rodata.str1.4
                0x10087588       0xfa .\CortexM4\ARM_GCC_541\Debug\BLEstuff.o
 *fill*         0x10087682        0x2 
 .rodata        0x10087684       0x10 .\CortexM4\ARM_GCC_541\Debug\cyfitter_sysint_cfg.o
                0x10087684                UART_1_SCB_IRQ_cfg
                0x1008768c                BLE_1_bless_isr_cfg
 .rodata.str1.4
                0x10087694       0x3f .\CortexM4\ARM_GCC_541\Debug\cy_flash.o
 *fill*         0x100876d3        0x1 
 .rodata.str1.4
                0x100876d4       0x7f .\CortexM4\ARM_GCC_541\Debug\cy_ipc_drv.o
 .rodata.str1.4
                0x10087753       0x3f .\CortexM4\ARM_GCC_541\Debug\cy_ipc_sema.o
 *fill*         0x10087753        0x1 
 .rodata.str1.4
                0x10087754       0x40 .\CortexM4\ARM_GCC_541\Debug\cy_ipc_pipe.o
                                 0x7f (size before relaxing)
 .rodata.str1.4
                0x10087794       0x41 .\CortexM4\ARM_GCC_541\Debug\cy_sysint.o
 *fill*         0x100877d5        0x3 
 .rodata        0x100877d8      0x170 .\CortexM4\ARM_GCC_541\Debug\cy_device.o
                0x100877d8                cy_deviceIpBlockCfgPSoC6_02
                0x10087890                cy_deviceIpBlockCfgPSoC6_01
 .rodata.str1.4
                0x10087948       0xc4 .\CortexM4\ARM_GCC_541\Debug\cy_scb_uart.o
 .rodata        0x10087a0c       0x14 .\CortexM4\ARM_GCC_541\Debug\cy_ble.o
 .rodata        0x10087a20      0x100 .\CortexM4\ARM_GCC_541\Debug\cy_ble_hal_pvt.o
 .rodata        0x10087b20        0xa .\CortexM4\ARM_GCC_541\Debug\cy_ble_event_handler.o
 *fill*         0x10087b2a        0x2 
 .rodata.str1.4
                0x10087b2c       0x37 .\CortexM4\ARM_GCC_541\Debug\cy_ble_event_handler.o
 *fill*         0x10087b63        0x1 
 .rodata.str1.4
                0x10087b64        0x5 .\CortexM4\ARM_GCC_541\Debug\tasks.o
 *fill*         0x10087b69        0x3 
 .rodata.str1.4
                0x10087b6c       0x10 .\CortexM4\ARM_GCC_541\Debug\timers.o
 .rodata.str1.4
                0x10087b7c       0x50 .\CortexM4\ARM_GCC_541\Debug\port.o
 .rodata        0x10087bcc      0x1b6 .\CortexM4\ARM_GCC_541\Debug\BLE_config.o
 *fill*         0x10087d82        0x2 
 .rodata        0x10087d84        0x6 .\CortexM4\ARM_GCC_541\Debug\BLE_custom_config.o
 *fill*         0x10087d8a        0x2 
 .rodata        0x10087d8c       0x40 .\CortexM4\ARM_GCC_541\Debug\UART_1.o
                0x10087d8c                UART_1_config
 .constdata     0x10087dcc       0x18 Generated_Source\PSoC6\pdl\middleware\ble\lib\cy_ble_stack_gcc_host_ipc_cm4.a(BT_os.o)
                0x10087dcc                cyBleStackMemoryConfig
 .constdata     0x10087de4       0x58 Generated_Source\PSoC6\pdl\middleware\ble\lib\cy_ble_stack_gcc_host_ipc_cm4.a(l2cap_init.o)
                0x10087de4                l2cap_le_sig_handler
 .constdata     0x10087e3c       0x3c Generated_Source\PSoC6\pdl\middleware\ble\lib\cy_ble_stack_gcc_host_ipc_cm4.a(fsm_engine_pl.o)
                0x10087e3c                fsm_module_table
 .constdata     0x10087e78      0x110 Generated_Source\PSoC6\pdl\middleware\ble\lib\cy_ble_stack_gcc_host_ipc_cm4.a(gap_hci_iface.o)
                0x10087e78                hciCommandCompleteEventHandlers
 .constdata     0x10087f88       0x20 Generated_Source\PSoC6\pdl\middleware\ble\lib\cy_ble_stack_gcc_host_ipc_cm4.a(gap_privacy.o)
 .constdata     0x10087fa8       0x32 Generated_Source\PSoC6\pdl\middleware\ble\lib\cy_ble_stack_gcc_host_ipc_cm4.a(smp_core.o)
                0x10087fa8                smp_iocap_assoc_map
                0x10087fc1                smp_sc_iocap_assoc_map
 *fill*         0x10087fda        0x2 
 .constdata     0x10087fdc        0xc Generated_Source\PSoC6\pdl\middleware\ble\lib\cy_ble_stack_gcc_host_ipc_cm4.a(smp_interface.o)
                0x10087fdc                smp_event_fp
 .constdata     0x10087fe8       0x22 Generated_Source\PSoC6\pdl\middleware\ble\lib\cy_ble_stack_gcc_host_ipc_cm4.a(smp_utils.o)
                0x10087fe8                smp_event_map
 *fill*         0x1008800a        0x2 
 .constdata     0x1008800c       0xb4 Generated_Source\PSoC6\pdl\middleware\ble\lib\cy_ble_stack_gcc_host_ipc_cm4.a(smp_fsm_table.o)
                0x1008800c                smp_state_event_table
 .constdata     0x100880c0      0x110 Generated_Source\PSoC6\pdl\middleware\ble\lib\cy_ble_stack_gcc_host_ipc_cm4.a(smp_fsm_table.o)
                0x100880c0                smp_event_handler_table
 .constdata     0x100881d0       0x20 Generated_Source\PSoC6\pdl\middleware\ble\lib\cy_ble_stack_gcc_host_ipc_cm4.a(aes_cmac.o)
                0x100881d0                cmac_zero_data
                0x100881e0                cmac_rb_data
 .constdata     0x100881f0       0x60 Generated_Source\PSoC6\pdl\middleware\ble\lib\cy_ble_stack_gcc_host_ipc_cm4.a(att_fsm_table.o)
                0x100881f0                att_state_event_table
 .constdata     0x10088250       0x58 Generated_Source\PSoC6\pdl\middleware\ble\lib\cy_ble_stack_gcc_host_ipc_cm4.a(att_fsm_table.o)
                0x10088250                att_event_handler_table
 .rodata.str1.1
                0x100882a8        0x2 c:/program files (x86)/cypress/psoc creator/4.4/psoc creator/import/gnu/arm/5.4.1/bin/../lib/gcc/arm-none-eabi/5.4.1/../../../../arm-none-eabi/lib/armv7e-m/softfp\libg_nano.a(lib_a-impure.o)
 *fill*         0x100882aa        0x2 
 .rodata._global_impure_ptr
                0x100882ac        0x4 c:/program files (x86)/cypress/psoc creator/4.4/psoc creator/import/gnu/arm/5.4.1/bin/../lib/gcc/arm-none-eabi/5.4.1/../../../../arm-none-eabi/lib/armv7e-m/softfp\libg_nano.a(lib_a-impure.o)
                0x100882ac                _global_impure_ptr
 .rodata.str1.1
                0x100882b0       0x12 c:/program files (x86)/cypress/psoc creator/4.4/psoc creator/import/gnu/arm/5.4.1/bin/../lib/gcc/arm-none-eabi/5.4.1/../../../../arm-none-eabi/lib/armv7e-m/softfp\libg_nano.a(lib_a-nano-vfprintf_float.o)
 .rodata.str1.1
                0x100882c2       0x22 c:/program files (x86)/cypress/psoc creator/4.4/psoc creator/import/gnu/arm/5.4.1/bin/../lib/gcc/arm-none-eabi/5.4.1/../../../../arm-none-eabi/lib/armv7e-m/softfp\libg_nano.a(lib_a-nano-vfprintf_i.o)
 .rodata.str1.1
                0x100882e4        0xd c:/program files (x86)/cypress/psoc creator/4.4/psoc creator/import/gnu/arm/5.4.1/bin/../lib/gcc/arm-none-eabi/5.4.1/../../../../arm-none-eabi/lib/armv7e-m/softfp\libg_nano.a(lib_a-dtoa.o)
                                  0xf (size before relaxing)
 *fill*         0x100882f1        0x3 
 .rodata.__sf_fake_stdin
                0x100882f4       0x20 c:/program files (x86)/cypress/psoc creator/4.4/psoc creator/import/gnu/arm/5.4.1/bin/../lib/gcc/arm-none-eabi/5.4.1/../../../../arm-none-eabi/lib/armv7e-m/softfp\libg_nano.a(lib_a-findfp.o)
                0x100882f4                __sf_fake_stdin
 .rodata.__sf_fake_stdout
                0x10088314       0x20 c:/program files (x86)/cypress/psoc creator/4.4/psoc creator/import/gnu/arm/5.4.1/bin/../lib/gcc/arm-none-eabi/5.4.1/../../../../arm-none-eabi/lib/armv7e-m/softfp\libg_nano.a(lib_a-findfp.o)
                0x10088314                __sf_fake_stdout
 .rodata.__sf_fake_stderr
                0x10088334       0x20 c:/program files (x86)/cypress/psoc creator/4.4/psoc creator/import/gnu/arm/5.4.1/bin/../lib/gcc/arm-none-eabi/5.4.1/../../../../arm-none-eabi/lib/armv7e-m/softfp\libg_nano.a(lib_a-findfp.o)
                0x10088334                __sf_fake_stderr
 .rodata.str1.1
                0x10088354        0x8 c:/program files (x86)/cypress/psoc creator/4.4/psoc creator/import/gnu/arm/5.4.1/bin/../lib/gcc/arm-none-eabi/5.4.1/../../../../arm-none-eabi/lib/armv7e-m/softfp\libg_nano.a(lib_a-locale.o)
                                  0xb (size before relaxing)
 .rodata.p05.5410
                0x1008835c        0xc c:/program files (x86)/cypress/psoc creator/4.4/psoc creator/import/gnu/arm/5.4.1/bin/../lib/gcc/arm-none-eabi/5.4.1/../../../../arm-none-eabi/lib/armv7e-m/softfp\libg_nano.a(lib_a-mprec.o)
 .rodata.__mprec_bigtens
                0x10088368       0x28 c:/program files (x86)/cypress/psoc creator/4.4/psoc creator/import/gnu/arm/5.4.1/bin/../lib/gcc/arm-none-eabi/5.4.1/../../../../arm-none-eabi/lib/armv7e-m/softfp\libg_nano.a(lib_a-mprec.o)
                0x10088368                __mprec_bigtens
 .rodata.__mprec_tens
                0x10088390       0xc8 c:/program files (x86)/cypress/psoc creator/4.4/psoc creator/import/gnu/arm/5.4.1/bin/../lib/gcc/arm-none-eabi/5.4.1/../../../../arm-none-eabi/lib/armv7e-m/softfp\libg_nano.a(lib_a-mprec.o)
                0x10088390                __mprec_tens
 .rodata.str1.1
                0x10088458       0x11 c:/program files (x86)/cypress/psoc creator/4.4/psoc creator/import/gnu/arm/5.4.1/bin/../lib/gcc/arm-none-eabi/5.4.1/../../../../arm-none-eabi/lib/armv7e-m/softfp\libg_nano.a(lib_a-nano-vfprintf.o)
 *(.eh_frame*)
 *fill*         0x10088469        0x3 
 .eh_frame      0x1008846c        0x0 c:/program files (x86)/cypress/psoc creator/4.4/psoc creator/import/gnu/arm/5.4.1/bin/../lib/gcc/arm-none-eabi/5.4.1/armv7e-m/softfp/crtbegin.o
 .eh_frame      0x1008846c        0x4 c:/program files (x86)/cypress/psoc creator/4.4/psoc creator/import/gnu/arm/5.4.1/bin/../lib/gcc/arm-none-eabi/5.4.1/armv7e-m/softfp/crtend.o

.glue_7         0x10088470        0x0
 .glue_7        0x10088470        0x0 linker stubs

.glue_7t        0x10088470        0x0
 .glue_7t       0x10088470        0x0 linker stubs

.vfp11_veneer   0x10088470        0x0
 .vfp11_veneer  0x10088470        0x0 linker stubs

.v4_bx          0x10088470        0x0
 .v4_bx         0x10088470        0x0 linker stubs

.iplt           0x10088470        0x0
 .iplt          0x10088470        0x0 c:/program files (x86)/cypress/psoc creator/4.4/psoc creator/import/gnu/arm/5.4.1/bin/../lib/gcc/arm-none-eabi/5.4.1/armv7e-m/softfp/crtbegin.o

i.CyBleStackMgr_Init
                0x10088470       0xdc
 i.CyBleStackMgr_Init
                0x10088470       0xdc Generated_Source\PSoC6\pdl\middleware\ble\lib\cy_ble_stack_gcc_host_ipc_cm4.a(CyBleStackMgrIP_Interface.o)
                0x10088470                CyBleStackMgr_Init

i.CyBleStackMgr_ProcessBleEvents
                0x1008854c       0x14
 i.CyBleStackMgr_ProcessBleEvents
                0x1008854c       0x14 Generated_Source\PSoC6\pdl\middleware\ble\lib\cy_ble_stack_gcc_host_ipc_cm4.a(CyBleStackMgrIP_Interface.o)
                0x1008854c                CyBleStackMgr_ProcessBleEvents

i.CyBleStackMgr_Shutdown
                0x10088560       0x20
 i.CyBleStackMgr_Shutdown
                0x10088560       0x20 Generated_Source\PSoC6\pdl\middleware\ble\lib\cy_ble_stack_gcc_host_ipc_cm4.a(CyBleStackMgrIP_Interface.o)
                0x10088560                CyBleStackMgr_Shutdown

i.CyBle_GetHeapMemory
                0x10088580       0x3c
 i.CyBle_GetHeapMemory
                0x10088580       0x3c Generated_Source\PSoC6\pdl\middleware\ble\lib\cy_ble_stack_gcc_host_ipc_cm4.a(CyBleStackMgrIP_Interface.o)
                0x10088580                CyBle_GetHeapMemory

i.CyBle_GetNumAppBufferPools
                0x100885bc        0xc
 i.CyBle_GetNumAppBufferPools
                0x100885bc        0xc Generated_Source\PSoC6\pdl\middleware\ble\lib\cy_ble_stack_gcc_host_ipc_cm4.a(CyBleStackMgrIP_Interface.o)
                0x100885bc                CyBle_GetNumAppBufferPools

i.CyBle_HostStackBufferPoolInit
                0x100885c8       0xc4
 i.CyBle_HostStackBufferPoolInit
                0x100885c8       0xc4 Generated_Source\PSoC6\pdl\middleware\ble\lib\cy_ble_stack_gcc_host_ipc_cm4.a(CyBleStackMgrIP_Interface.o)

i.CyBle_SortBufers
                0x1008868c       0x40
 i.CyBle_SortBufers
                0x1008868c       0x40 Generated_Source\PSoC6\pdl\middleware\ble\lib\cy_ble_stack_gcc_host_ipc_cm4.a(CyBleStackMgrIP_Interface.o)
                0x1008868c                CyBle_SortBufers

i.CyBle_StackGetConfigPtr
                0x100886cc        0x8
 i.CyBle_StackGetConfigPtr
                0x100886cc        0x8 Generated_Source\PSoC6\pdl\middleware\ble\lib\cy_ble_stack_gcc_host_ipc_cm4.a(CyBleStackMgrIP_Interface.o)
                0x100886cc                CyBle_StackGetConfigPtr

i.Cy_BLE_EnablePrivacyFeature
                0x100886d4        0x4
 i.Cy_BLE_EnablePrivacyFeature
                0x100886d4        0x4 Generated_Source\PSoC6\pdl\middleware\ble\lib\cy_ble_stack_gcc_host_ipc_cm4.a(CyBleStackMgrIP_Interface.o)
                0x100886d4                Cy_BLE_EnablePrivacyFeature

i.Cy_BLE_ProcessEvents
                0x100886d8        0x4
 i.Cy_BLE_ProcessEvents
                0x100886d8        0x4 Generated_Source\PSoC6\pdl\middleware\ble\lib\cy_ble_stack_gcc_host_ipc_cm4.a(CyBleStackMgrIP_Interface.o)
                0x100886d8                Cy_BLE_ProcessEvents

i.Cy_BLE_StackEnterLPM
                0x100886dc       0x16
 i.Cy_BLE_StackEnterLPM
                0x100886dc       0x16 Generated_Source\PSoC6\pdl\middleware\ble\lib\cy_ble_stack_gcc_host_ipc_cm4.a(CyBleStackMgrIP_Interface.o)
                0x100886dc                Cy_BLE_StackEnterLPM

i.Cy_BLE_StackGetBleSsState
                0x100886f2        0x4
 i.Cy_BLE_StackGetBleSsState
                0x100886f2        0x4 Generated_Source\PSoC6\pdl\middleware\ble\lib\cy_ble_stack_gcc_host_ipc_cm4.a(CyBleStackMgrIP_Interface.o)
                0x100886f2                Cy_BLE_StackGetBleSsState

i.Cy_BLE_StackGetFeatureConfig
                0x100886f8       0x20
 i.Cy_BLE_StackGetFeatureConfig
                0x100886f8       0x20 Generated_Source\PSoC6\pdl\middleware\ble\lib\cy_ble_stack_gcc_host_ipc_cm4.a(CyBleStackMgrIP_Interface.o)
                0x100886f8                Cy_BLE_StackGetFeatureConfig

i.Cy_BLE_StackInit
                0x10088718       0x70
 i.Cy_BLE_StackInit
                0x10088718       0x70 Generated_Source\PSoC6\pdl\middleware\ble\lib\cy_ble_stack_gcc_host_ipc_cm4.a(CyBleStackMgrIP_Interface.o)
                0x10088718                Cy_BLE_StackInit

i.Cy_BLE_StackSetFeatureConfig
                0x10088788       0x54
 i.Cy_BLE_StackSetFeatureConfig
                0x10088788       0x54 Generated_Source\PSoC6\pdl\middleware\ble\lib\cy_ble_stack_gcc_host_ipc_cm4.a(CyBleStackMgrIP_Interface.o)
                0x10088788                Cy_BLE_StackSetFeatureConfig

i.ble_stack_idle_task_callback
                0x100887dc        0x2
 i.ble_stack_idle_task_callback
                0x100887dc        0x2 Generated_Source\PSoC6\pdl\middleware\ble\lib\cy_ble_stack_gcc_host_ipc_cm4.a(CyBleStackMgrIP_Interface.o)
                0x100887dc                ble_stack_idle_task_callback

i.BT_OSFreeBuf  0x100887e0       0x20
 i.BT_OSFreeBuf
                0x100887e0       0x20 Generated_Source\PSoC6\pdl\middleware\ble\lib\cy_ble_stack_gcc_host_ipc_cm4.a(BT_os.o)
                0x100887e0                BT_OSFreeBuf

i.BT_OSGetBuF   0x10088800       0x30
 i.BT_OSGetBuF  0x10088800       0x30 Generated_Source\PSoC6\pdl\middleware\ble\lib\cy_ble_stack_gcc_host_ipc_cm4.a(BT_os.o)
                0x10088800                BT_OSGetBuF

i.BT_OSMemCreate
                0x10088830       0x3c
 i.BT_OSMemCreate
                0x10088830       0x3c Generated_Source\PSoC6\pdl\middleware\ble\lib\cy_ble_stack_gcc_host_ipc_cm4.a(BT_os.o)
                0x10088830                BT_OSMemCreate

i.BT_alloc_mem_ext
                0x1008886c       0x40
 i.BT_alloc_mem_ext
                0x1008886c       0x40 Generated_Source\PSoC6\pdl\middleware\ble\lib\cy_ble_stack_gcc_host_ipc_cm4.a(BT_os.o)
                0x1008886c                BT_alloc_mem_ext

i.BT_free_mem   0x100888ac        0xa
 i.BT_free_mem  0x100888ac        0xa Generated_Source\PSoC6\pdl\middleware\ble\lib\cy_ble_stack_gcc_host_ipc_cm4.a(BT_os.o)
                0x100888ac                BT_free_mem

i.bt_stack_create_buffer_pool
                0x100888b8       0x2c
 i.bt_stack_create_buffer_pool
                0x100888b8       0x2c Generated_Source\PSoC6\pdl\middleware\ble\lib\cy_ble_stack_gcc_host_ipc_cm4.a(BT_os.o)
                0x100888b8                bt_stack_create_buffer_pool

i.CyBle_CreateBleStackTask
                0x100888e4       0x30
 i.CyBle_CreateBleStackTask
                0x100888e4       0x30 Generated_Source\PSoC6\pdl\middleware\ble\lib\cy_ble_stack_gcc_host_ipc_cm4.a(CyBleStackMgr_StackTaskHandler.o)
                0x100888e4                CyBle_CreateBleStackTask

i.CyBle_SignalBleStackTask
                0x10088914       0x38
 i.CyBle_SignalBleStackTask
                0x10088914       0x38 Generated_Source\PSoC6\pdl\middleware\ble\lib\cy_ble_stack_gcc_host_ipc_cm4.a(CyBleStackMgr_StackTaskHandler.o)
                0x10088914                CyBle_SignalBleStackTask

i.CyBle_StackTaskHandler
                0x1008894c       0x74
 i.CyBle_StackTaskHandler
                0x1008894c       0x74 Generated_Source\PSoC6\pdl\middleware\ble\lib\cy_ble_stack_gcc_host_ipc_cm4.a(CyBleStackMgr_StackTaskHandler.o)
                0x1008894c                CyBle_StackTaskHandler

i.IsStackTaskFree
                0x100889c0        0xc
 i.IsStackTaskFree
                0x100889c0        0xc Generated_Source\PSoC6\pdl\middleware\ble\lib\cy_ble_stack_gcc_host_ipc_cm4.a(CyBleStackMgr_StackTaskHandler.o)
                0x100889c0                IsStackTaskFree

i.storage_bt_init_pl
                0x100889cc       0x8c
 i.storage_bt_init_pl
                0x100889cc       0x8c Generated_Source\PSoC6\pdl\middleware\ble\lib\cy_ble_stack_gcc_host_ipc_cm4.a(storage_pl.o)
                0x100889cc                storage_bt_init_pl

i.storage_bt_reset_offset
                0x10088a58       0x3c
 i.storage_bt_reset_offset
                0x10088a58       0x3c Generated_Source\PSoC6\pdl\middleware\ble\lib\cy_ble_stack_gcc_host_ipc_cm4.a(storage_pl.o)
                0x10088a58                storage_bt_reset_offset

i.storage_manager_init
                0x10088a94       0x58
 i.storage_manager_init
                0x10088a94       0x58 Generated_Source\PSoC6\pdl\middleware\ble\lib\cy_ble_stack_gcc_host_ipc_cm4.a(storage_pl.o)
                0x10088a94                storage_manager_init

i.storage_manager_register_module
                0x10088aec       0x68
 i.storage_manager_register_module
                0x10088aec       0x68 Generated_Source\PSoC6\pdl\middleware\ble\lib\cy_ble_stack_gcc_host_ipc_cm4.a(storage_pl.o)
                0x10088aec                storage_manager_register_module

i.storage_validate_init_params
                0x10088b54       0x98
 i.storage_validate_init_params
                0x10088b54       0x98 Generated_Source\PSoC6\pdl\middleware\ble\lib\cy_ble_stack_gcc_host_ipc_cm4.a(storage_pl.o)
                0x10088b54                storage_validate_init_params

i.OS_init       0x10088bec       0x64
 i.OS_init      0x10088bec       0x64 Generated_Source\PSoC6\pdl\middleware\ble\lib\cy_ble_stack_gcc_host_ipc_cm4.a(mint_os.o)
                0x10088bec                OS_init

i.OS_shutdown   0x10088c50        0x4
 i.OS_shutdown  0x10088c50        0x4 Generated_Source\PSoC6\pdl\middleware\ble\lib\cy_ble_stack_gcc_host_ipc_cm4.a(mint_os.o)
                0x10088c50                OS_shutdown

i.mintos_malloc
                0x10088c54       0x34
 i.mintos_malloc
                0x10088c54       0x34 Generated_Source\PSoC6\pdl\middleware\ble\lib\cy_ble_stack_gcc_host_ipc_cm4.a(mint_os.o)
                0x10088c54                mintos_malloc

i.OS_create_queue
                0x10088c88       0x74
 i.OS_create_queue
                0x10088c88       0x74 Generated_Source\PSoC6\pdl\middleware\ble\lib\cy_ble_stack_gcc_host_ipc_cm4.a(mint_os_queue.o)
                0x10088c88                OS_create_queue

i.OS_enqueue_item
                0x10088cfc       0x9c
 i.OS_enqueue_item
                0x10088cfc       0x9c Generated_Source\PSoC6\pdl\middleware\ble\lib\cy_ble_stack_gcc_host_ipc_cm4.a(mint_os_queue.o)
                0x10088cfc                OS_enqueue_item

i.OS_queue_get_num_of_items
                0x10088d98       0x2c
 i.OS_queue_get_num_of_items
                0x10088d98       0x2c Generated_Source\PSoC6\pdl\middleware\ble\lib\cy_ble_stack_gcc_host_ipc_cm4.a(mint_os_queue.o)
                0x10088d98                OS_queue_get_num_of_items

i.OS_queue_mgmt_init
                0x10088dc4       0x58
 i.OS_queue_mgmt_init
                0x10088dc4       0x58 Generated_Source\PSoC6\pdl\middleware\ble\lib\cy_ble_stack_gcc_host_ipc_cm4.a(mint_os_queue.o)
                0x10088dc4                OS_queue_mgmt_init

i.OS_remove_item
                0x10088e1c       0xb8
 i.OS_remove_item
                0x10088e1c       0xb8 Generated_Source\PSoC6\pdl\middleware\ble\lib\cy_ble_stack_gcc_host_ipc_cm4.a(mint_os_queue.o)
                0x10088e1c                OS_remove_item

i.OS_create_task
                0x10088ed4       0x88
 i.OS_create_task
                0x10088ed4       0x88 Generated_Source\PSoC6\pdl\middleware\ble\lib\cy_ble_stack_gcc_host_ipc_cm4.a(mint_os_task.o)
                0x10088ed4                OS_create_task

i.OS_is_task_free
                0x10088f5c       0x30
 i.OS_is_task_free
                0x10088f5c       0x30 Generated_Source\PSoC6\pdl\middleware\ble\lib\cy_ble_stack_gcc_host_ipc_cm4.a(mint_os_task.o)
                0x10088f5c                OS_is_task_free

i.OS_scheduler  0x10088f8c       0x64
 i.OS_scheduler
                0x10088f8c       0x64 Generated_Source\PSoC6\pdl\middleware\ble\lib\cy_ble_stack_gcc_host_ipc_cm4.a(mint_os_task.o)
                0x10088f8c                OS_scheduler

i.OS_send_signal_to_task
                0x10088ff0        0xc
 i.OS_send_signal_to_task
                0x10088ff0        0xc Generated_Source\PSoC6\pdl\middleware\ble\lib\cy_ble_stack_gcc_host_ipc_cm4.a(mint_os_task.o)
                0x10088ff0                OS_send_signal_to_task

i.OS_send_signal_to_task_context
                0x10088ffc       0x3c
 i.OS_send_signal_to_task_context
                0x10088ffc       0x3c Generated_Source\PSoC6\pdl\middleware\ble\lib\cy_ble_stack_gcc_host_ipc_cm4.a(mint_os_task.o)

i.OS_task_mgmt_init
                0x10089038       0x60
 i.OS_task_mgmt_init
                0x10089038       0x60 Generated_Source\PSoC6\pdl\middleware\ble\lib\cy_ble_stack_gcc_host_ipc_cm4.a(mint_os_task.o)
                0x10089038                OS_task_mgmt_init

i.mint_buf_mgmt_allocate_buffer
                0x10089098       0x54
 i.mint_buf_mgmt_allocate_buffer
                0x10089098       0x54 Generated_Source\PSoC6\pdl\middleware\ble\lib\cy_ble_stack_gcc_host_ipc_cm4.a(mint_buf_mgmt.o)
                0x10089098                mint_buf_mgmt_allocate_buffer

i.mint_buf_mgmt_create_pool
                0x100890ec       0xd4
 i.mint_buf_mgmt_create_pool
                0x100890ec       0xd4 Generated_Source\PSoC6\pdl\middleware\ble\lib\cy_ble_stack_gcc_host_ipc_cm4.a(mint_buf_mgmt.o)
                0x100890ec                mint_buf_mgmt_create_pool

i.mint_buf_mgmt_free_buffer
                0x100891c0       0xac
 i.mint_buf_mgmt_free_buffer
                0x100891c0       0xac Generated_Source\PSoC6\pdl\middleware\ble\lib\cy_ble_stack_gcc_host_ipc_cm4.a(mint_buf_mgmt.o)